Component: ARM Compiler 5.06 update 5 (build 528) Tool: armlink [4d35e2]

==============================================================================

Section Cross References

    startup_stm32f10x_hd.o(STACK) refers (Special) to heapauxi.o(.text) for __use_two_region_memory
    startup_stm32f10x_hd.o(HEAP) refers (Special) to heapauxi.o(.text) for __use_two_region_memory
    startup_stm32f10x_hd.o(RESET) refers (Special) to heapauxi.o(.text) for __use_two_region_memory
    startup_stm32f10x_hd.o(RESET) refers to startup_stm32f10x_hd.o(STACK) for __initial_sp
    startup_stm32f10x_hd.o(RESET) refers to startup_stm32f10x_hd.o(.text) for Reset_Handler
    startup_stm32f10x_hd.o(RESET) refers to stm32f10x_it.o(.text) for NMI_Handler
    startup_stm32f10x_hd.o(RESET) refers to port.o(.emb_text) for SVC_Handler
    startup_stm32f10x_hd.o(RESET) refers to delay.o(.text) for SysTick_Handler
    startup_stm32f10x_hd.o(RESET) refers to uart.o(.text) for USART3_IRQHandler
    startup_stm32f10x_hd.o(.text) refers (Special) to heapauxi.o(.text) for __use_two_region_memory
    startup_stm32f10x_hd.o(.text) refers to system_stm32f10x.o(.text) for SystemInit
    startup_stm32f10x_hd.o(.text) refers to __main.o(!!!main) for __main
    startup_stm32f10x_hd.o(.text) refers to startup_stm32f10x_hd.o(HEAP) for Heap_Mem
    startup_stm32f10x_hd.o(.text) refers to startup_stm32f10x_hd.o(STACK) for Stack_Mem
    system_stm32f10x.o(.text) refers to system_stm32f10x.o(.data) for .data
    system.o(.text) refers to sys.o(.text) for JTAG_Set
    system.o(.text) refers to misc.o(.text) for NVIC_PriorityGroupConfig
    system.o(.text) refers to delay.o(.text) for delay_init
    system.o(.text) refers to led.o(.text) for LED_Init
    system.o(.text) refers to userbutton.o(.text) for userB_Init
    system.o(.text) refers to buzzer.o(.text) for Buzzer_Init
    system.o(.text) refers to oled.o(.text) for OLED_Init
    delay.o(.text) refers to misc.o(.text) for SysTick_CLKSourceConfig
    delay.o(.text) refers to tasks.o(.text) for xTaskGetSchedulerState
    delay.o(.text) refers to port.o(.text) for xPortSysTickHandler
    delay.o(.text) refers to system_stm32f10x.o(.data) for SystemCoreClock
    delay.o(.text) refers to delay.o(.data) for .data
    show.o(.text) refers to oled.o(.text) for OLED_Display_On
    show.o(.text) refers to delay.o(.text) for getSysTickCnt
    show.o(.text) refers to tasks.o(.text) for vTaskDelayUntil
    stm32f10x_adc.o(.text) refers to stm32f10x_rcc.o(.text) for RCC_APB2PeriphResetCmd
    stm32f10x_bkp.o(.text) refers to stm32f10x_rcc.o(.text) for RCC_BackupResetCmd
    stm32f10x_can.o(.text) refers to stm32f10x_rcc.o(.text) for RCC_APB1PeriphResetCmd
    stm32f10x_cec.o(.text) refers to stm32f10x_rcc.o(.text) for RCC_APB1PeriphResetCmd
    stm32f10x_dac.o(.text) refers to stm32f10x_rcc.o(.text) for RCC_APB1PeriphResetCmd
    stm32f10x_gpio.o(.text) refers to stm32f10x_rcc.o(.text) for RCC_APB2PeriphResetCmd
    stm32f10x_i2c.o(.text) refers to stm32f10x_rcc.o(.text) for RCC_APB1PeriphResetCmd
    stm32f10x_pwr.o(.text) refers to stm32f10x_rcc.o(.text) for RCC_APB1PeriphResetCmd
    stm32f10x_rcc.o(.text) refers to stm32f10x_rcc.o(.data) for .data
    stm32f10x_spi.o(.text) refers to stm32f10x_rcc.o(.text) for RCC_APB2PeriphResetCmd
    stm32f10x_tim.o(.text) refers to stm32f10x_rcc.o(.text) for RCC_APB1PeriphResetCmd
    stm32f10x_usart.o(.text) refers to stm32f10x_rcc.o(.text) for RCC_APB2PeriphResetCmd
    stm32f10x_wwdg.o(.text) refers to stm32f10x_rcc.o(.text) for RCC_APB1PeriphResetCmd
    led.o(.text) refers to stm32f10x_rcc.o(.text) for RCC_APB2PeriphClockCmd
    led.o(.text) refers to stm32f10x_gpio.o(.text) for GPIO_Init
    led.o(.text) refers to tasks.o(.text) for vTaskDelay
    led.o(.text) refers to delay.o(.text) for delay_ms
    led.o(.text) refers to led.o(.data) for .data
    oled.o(.text) refers to stm32f10x_rcc.o(.text) for RCC_APB2PeriphClockCmd
    oled.o(.text) refers to stm32f10x_gpio.o(.text) for GPIO_Init
    oled.o(.text) refers to stm32f10x_pwr.o(.text) for PWR_BackupAccessCmd
    oled.o(.text) refers to stm32f10x_bkp.o(.text) for BKP_TamperPinCmd
    oled.o(.text) refers to delay.o(.text) for delay_ms
    oled.o(.text) refers to oled.o(.bss) for .bss
    oled.o(.text) refers to oled.o(.constdata) for .constdata
    buzzer.o(.text) refers to stm32f10x_rcc.o(.text) for RCC_APB2PeriphClockCmd
    buzzer.o(.text) refers to stm32f10x_gpio.o(.text) for GPIO_Init
    buzzer.o(.text) refers to delay.o(.text) for delay_ms
    userbutton.o(.text) refers to stm32f10x_rcc.o(.text) for RCC_APB2PeriphClockCmd
    userbutton.o(.text) refers to stm32f10x_gpio.o(.text) for GPIO_ReadInputDataBit
    userbutton.o(.text) refers to tasks.o(.text) for vTaskDelay
    userbutton.o(.text) refers to delay.o(.text) for delay_us
    userbutton.o(.text) refers to userbutton.o(.data) for .data
    userbutton.o(.data) refers to userbutton.o(.conststring) for .conststring
[...]
    ../clib/printf_percent.s                 0x00000000   Number         0  _printf_percent.o ABSOLUTE
    ../clib/printf_percent.s                 0x00000000   Number         0  _printf_c.o ABSOLUTE
    ../clib/printf_percent.s                 0x00000000   Number         0  _printf_u.o ABSOLUTE
    ../clib/signal.c                         0x00000000   Number         0  defsig_general.o ABSOLUTE
    ../clib/signal.c                         0x00000000   Number         0  __raise.o ABSOLUTE
    ../clib/signal.c                         0x00000000   Number         0  defsig_exit.o ABSOLUTE
    ../clib/signal.c                         0x00000000   Number         0  defsig_rtmem_formal.o ABSOLUTE
    ../clib/signal.c                         0x00000000   Number         0  defsig_rtmem_outer.o ABSOLUTE
    ../clib/signal.c                         0x00000000   Number         0  defsig_rtmem_inner.o ABSOLUTE
    ../clib/signal.c                         0x00000000   Number         0  defsig_other.o ABSOLUTE
    ../clib/signal.c                         0x00000000   Number         0  defsig_segv_inner.o ABSOLUTE
    ../clib/signal.c                         0x00000000   Number         0  defsig_cppl_inner.o ABSOLUTE
    ../clib/signal.c                         0x00000000   Number         0  defsig_pvfn_inner.o ABSOLUTE
    ../clib/signal.c                         0x00000000   Number         0  defsig_stak_inner.o ABSOLUTE
    ../clib/signal.c                         0x00000000   Number         0  defsig_rtred_inner.o ABSOLUTE
    ../clib/signal.c                         0x00000000   Number         0  defsig_fpe_inner.o ABSOLUTE
    ../clib/signal.c                         0x00000000   Number         0  defsig_abrt_inner.o ABSOLUTE
    ../clib/signal.s                         0x00000000   Number         0  defsig.o ABSOLUTE
    ../clib/stdlib.c                         0x00000000   Number         0  exit.o ABSOLUTE
    ../clib/string.c                         0x00000000   Number         0  strlen.o ABSOLUTE
    ../clib/string.c                         0x00000000   Number         0  strcpy.o ABSOLUTE
    ../fplib/fpinit.s                        0x00000000   Number         0  fpinit.o ABSOLUTE
    LibraryFiles\CORE\core_cm3.c             0x00000000   Number         0  core_cm3.o ABSOLUTE
    LibraryFiles\CORE\stm32f10x_it.c         0x00000000   Number         0  stm32f10x_it.o ABSOLUTE
    LibraryFiles\CORE\system_stm32f10x.c     0x00000000   Number         0  system_stm32f10x.o ABSOLUTE
    LibraryFiles\FreeRTOS\croutine.c         0x00000000   Number         0  croutine.o ABSOLUTE
    LibraryFiles\FreeRTOS\event_groups.c     0x00000000   Number         0  event_groups.o ABSOLUTE
    LibraryFiles\FreeRTOS\list.c             0x00000000   Number         0  list.o ABSOLUTE
    LibraryFiles\FreeRTOS\portable\MemMang\heap_4.c 0x00000000   Number         0  heap_4.o ABSOLUTE
    LibraryFiles\FreeRTOS\portable\RVDS\ARM_CM3\port.c 0x00000000   Number         0  port.o ABSOLUTE
    LibraryFiles\FreeRTOS\queue.c            0x00000000   Number         0  queue.o ABSOLUTE
    LibraryFiles\FreeRTOS\tasks.c            0x00000000   Number         0  tasks.o ABSOLUTE
    LibraryFiles\FreeRTOS\timers.c           0x00000000   Number         0  timers.o ABSOLUTE
    LibraryFiles\HARDWARE\Buzz\Buzzer.c      0x00000000   Number         0  buzzer.o ABSOLUTE
    LibraryFiles\HARDWARE\LED\LED.C          0x00000000   Number         0  led.o ABSOLUTE
    LibraryFiles\HARDWARE\OLED\oled.c        0x00000000   Number         0  oled.o ABSOLUTE
    LibraryFiles\HARDWARE\UART\UART.c        0x00000000   Number         0  uart.o ABSOLUTE
    LibraryFiles\HARDWARE\UserButton\userButton.c 0x00000000   Number         0  userbutton.o ABSOLUTE
    LibraryFiles\STM32F1xx_Driver\src\misc.c 0x00000000   Number         0  misc.o ABSOLUTE
    LibraryFiles\STM32F1xx_Driver\src\stm32f10x_adc.c 0x00000000   Number         0  stm32f10x_adc.o ABSOLUTE
    LibraryFiles\STM32F1xx_Driver\src\stm32f10x_bkp.c 0x00000000   Number         0  stm32f10x_bkp.o ABSOLUTE
    LibraryFiles\STM32F1xx_Driver\src\stm32f10x_can.c 0x00000000   Number         0  stm32f10x_can.o ABSOLUTE
    LibraryFiles\STM32F1xx_Driver\src\stm32f10x_cec.c 0x00000000   Number         0  stm32f10x_cec.o ABSOLUTE
    LibraryFiles\STM32F1xx_Driver\src\stm32f10x_crc.c 0x00000000   Number         0  stm32f10x_crc.o ABSOLUTE
    LibraryFiles\STM32F1xx_Driver\src\stm32f10x_dac.c 0x00000000   Number         0  stm32f10x_dac.o ABSOLUTE
    LibraryFiles\STM32F1xx_Driver\src\stm32f10x_dbgmcu.c 0x00000000   Number         0  stm32f10x_dbgmcu.o ABSOLUTE
    LibraryFiles\STM32F1xx_Driver\src\stm32f10x_dma.c 0x00000000   Number         0  stm32f10x_dma.o ABSOLUTE
    LibraryFiles\STM32F1xx_Driver\src\stm32f10x_exti.c 0x00000000   Number         0  stm32f10x_exti.o ABSOLUTE
    LibraryFiles\STM32F1xx_Driver\src\stm32f10x_flash.c 0x00000000   Number         0  stm32f10x_flash.o ABSOLUTE
    LibraryFiles\STM32F1xx_Driver\src\stm32f10x_fsmc.c 0x00000000   Number         0  stm32f10x_fsmc.o ABSOLUTE
    LibraryFiles\STM32F1xx_Driver\src\stm32f10x_gpio.c 0x00000000   Number         0  stm32f10x_gpio.o ABSOLUTE
    LibraryFiles\STM32F1xx_Driver\src\stm32f10x_i2c.c 0x00000000   Number         0  stm32f10x_i2c.o ABSOLUTE
    LibraryFiles\STM32F1xx_Driver\src\stm32f10x_iwdg.c 0x00000000   Number         0  stm32f10x_iwdg.o ABSOLUTE
    LibraryFiles\STM32F1xx_Driver\src\stm32f10x_pwr.c 0x00000000   Number         0  stm32f10x_pwr.o ABSOLUTE
    LibraryFiles\STM32F1xx_Driver\src\stm32f10x_rcc.c 0x00000000   Number         0  stm32f10x_rcc.o ABSOLUTE
    LibraryFiles\STM32F1xx_Driver\src\stm32f10x_rtc.c 0x00000000   Number         0  stm32f10x_rtc.o ABSOLUTE
    LibraryFiles\STM32F1xx_Driver\src\stm32f10x_sdio.c 0x00000000   Number         0  stm32f10x_sdio.o ABSOLUTE
    LibraryFiles\STM32F1xx_Driver\src\stm32f10x_spi.c 0x00000000   Number         0  stm32f10x_spi.o ABSOLUTE
    LibraryFiles\STM32F1xx_Driver\src\stm32f10x_tim.c 0x00000000   Number         0  stm32f10x_tim.o ABSOLUTE
    LibraryFiles\STM32F1xx_Driver\src\stm32f10x_usart.c 0x00000000   Number         0  stm32f10x_usart.o ABSOLUTE
    LibraryFiles\STM32F1xx_Driver\src\stm32f10x_wwdg.c 0x00000000   Number         0  stm32f10x_wwdg.o ABSOLUTE
    LibraryFiles\SYSTEM\SYSTEM\system.c      0x00000000   Number         0  system.o ABSOLUTE
    LibraryFiles\SYSTEM\delay\delay.c        0x00000000   Number         0  delay.o ABSOLUTE
    LibraryFiles\SYSTEM\show\show.c          0x00000000   Number         0  show.o ABSOLUTE
    LibraryFiles\SYSTEM\sys\sys.c            0x00000000   Number         0  sys.o ABSOLUTE
    LibraryFiles\\CORE\\core_cm3.c           0x00000000   Number         0  core_cm3.o ABSOLUTE
    LibraryFiles\\FreeRTOS\\portable\\RVDS\\ARM_CM3\\port.c 0x00000000   Number         0  port.o ABSOLUTE
    LibraryFiles\\SYSTEM\\sys\\sys.c         0x00000000   Number         0  sys.o ABSOLUTE
    dc.s                                     0x00000000   Number         0  dc.o ABSOLUTE
    main.c                                   0x00000000   Number         0  main.o ABSOLUTE
    startup_stm32f10x_hd.s                   0x00000000   Number         0  startup_stm32f10x_hd.o ABSOLUTE
    RESET                                    0x08000000   Section      304  startup_stm32f10x_hd.o(RESET)
    !!!main                                  0x08000130   Section        8  __main.o(!!!main)
    !!!scatter                               0x08000138   Section       52  __scatter.o(!!!scatter)
    !!handler_copy                           0x0800016c   Section       26  __scatter_copy.o(!!handler_copy)
    !!handler_zi                             0x08000188   Section       28  __scatter_zi.o(!!handler_zi)
    .ARM.Collect$$_printf_percent$$00000000  0x080001a4   Section        0  _printf_percent.o(.ARM.Collect$$_printf_percent$$00000000)
    .ARM.Collect$$_printf_percent$$0000000A  0x080001a4   Section        6  _printf_u.o(.ARM.Collect$$_printf_percent$$0000000A)
    .ARM.Collect$$_printf_percent$$00000013  0x080001aa   Section        6  _printf_c.o(.ARM.Collect$$_printf_percent$$00000013)
    .ARM.Collect$$_printf_percent$$00000017  0x080001b0   Section        4  _printf_percent_end.o(.ARM.Collect$$_printf_percent$$00000017)
    .ARM.Collect$$libinit$$00000000          0x080001b4   Section        2  libinit.o(.ARM.Collect$$libinit$$00000000)
    .ARM.Collect$$libinit$$00000002          0x080001b6   Section        0  libinit2.o(.ARM.Collect$$libinit$$00000002)
    .ARM.Collect$$libinit$$00000004          0x080001b6   Section        0  libinit2.o(.ARM.Collect$$libinit$$00000004)
    .ARM.Collect$$libinit$$0000000A          0x080001b6   Section        0  libinit2.o(.ARM.Collect$$libinit$$0000000A)
    .ARM.Collect$$libinit$$0000000C          0x080001b6   Section        0  libinit2.o(.ARM.Collect$$libinit$$0000000C)
    .ARM.Collect$$libinit$$0000000E          0x080001b6   Section        0  libinit2.o(.ARM.Collect$$libinit$$0000000E)
    .ARM.Collect$$libinit$$00000011          0x080001b6   Section        0  libinit2.o(.ARM.Collect$$libinit$$00000011)
    .ARM.Collect$$libinit$$00000013          0x080001b6   Section        0  libinit2.o(.ARM.Collect$$libinit$$00000013)
    .ARM.Collect$$libinit$$00000015          0x080001b6   Section        0  libinit2.o(.ARM.Collect$$libinit$$00000015)
    .ARM.Collect$$libinit$$00000017          0x080001b6   Section        0  libinit2.o(.ARM.Collect$$libinit$$00000017)
    .ARM.Collect$$libinit$$00000019          0x080001b6   Section        0  libinit2.o(.ARM.Collect$$libinit$$00000019)
    .ARM.Collect$$libinit$$0000001B          0x080001b6   Section        0  libinit2.o(.ARM.Collect$$libinit$$0000001B)
    .ARM.Collect$$libinit$$0000001D          0x080001b6   Section        0  libinit2.o(.ARM.Collect$$libinit$$0000001D)
    .ARM.Collect$$libinit$$0000001F          0x080001b6   Section        0  libinit2.o(.ARM.Collect$$libinit$$0000001F)
    .ARM.Collect$$libinit$$00000021          0x080001b6   Section        0  libinit2.o(.ARM.Collect$$libinit$$00000021)
    .ARM.Collect$$libinit$$00000023          0x080001b6   Section        0  libinit2.o(.ARM.Collect$$libinit$$00000023)
    .ARM.Collect$$libinit$$00000025          0x080001b6   Section        0  libinit2.o(.ARM.Collect$$libinit$$00000025)
    .ARM.Collect$$libinit$$0000002C          0x080001b6   Section        0  libinit2.o(.ARM.Collect$$libinit$$0000002C)
    .ARM.Collect$$libinit$$0000002E          0x080001b6   Section        0  libinit2.o(.ARM.Collect$$libinit$$0000002E)
    .ARM.Collect$$libinit$$00000030          0x080001b6   Section        0  libinit2.o(.ARM.Collect$$libinit$$00000030)
    .ARM.Collect$$libinit$$00000032          0x080001b6   Section        0  libinit2.o(.ARM.Collect$$libinit$$00000032)
    .ARM.Collect$$libinit$$00000033          0x080001b6   Section        2  libinit2.o(.ARM.Collect$$libinit$$00000033)
    .ARM.Collect$$libshutdown$$00000000      0x080001b8   Section        2  libshutdown.o(.ARM.Collect$$libshutdown$$00000000)
    .ARM.Collect$$libshutdown$$00000002      0x080001ba   Section        0  libshutdown2.o(.ARM.Collect$$libshutdown$$00000002)
    .ARM.Collect$$libshutdown$$00000004      0x080001ba   Section        0  libshutdown2.o(.ARM.Collect$$libshutdown$$00000004)
    .ARM.Collect$$libshutdown$$00000007      0x080001ba   Section        0  libshutdown2.o(.ARM.Collect$$libshutdown$$00000007)
    .ARM.Collect$$libshutdown$$0000000A      0x080001ba   Section        0  libshutdown2.o(.ARM.Collect$$libshutdown$$0000000A)
    .ARM.Collect$$libshutdown$$0000000C      0x080001ba   Section        0  libshutdown2.o(.ARM.Collect$$libshutdown$$0000000C)
    .ARM.Collect$$libshutdown$$0000000F      0x080001ba   Section        0  libshutdown2.o(.ARM.Collect$$libshutdown$$0000000F)
    .ARM.Collect$$libshutdown$$00000010      0x080001ba   Section        2  libshutdown2.o(.ARM.Collect$$libshutdown$$00000010)
    .ARM.Collect$$rtentry$$00000000          0x080001bc   Section        0  __rtentry.o(.ARM.Collect$$rtentry$$00000000)
    .ARM.Collect$$rtentry$$00000002          0x080001bc   Section        0  __rtentry2.o(.ARM.Collect$$rtentry$$00000002)
    .ARM.Collect$$rtentry$$00000004          0x080001bc   Section        6  __rtentry4.o(.ARM.Collect$$rtentry$$00000004)
    .ARM.Collect$$rtentry$$00000009          0x080001c2   Section        0  __rtentry2.o(.ARM.Collect$$rtentry$$00000009)
    .ARM.Collect$$rtentry$$0000000A          0x080001c2   Section        4  __rtentry2.o(.ARM.Collect$$rtentry$$0000000A)
    .ARM.Collect$$rtentry$$0000000C          0x080001c6   Section        0  __rtentry2.o(.ARM.Collect$$rtentry$$0000000C)
    .ARM.Collect$$rtentry$$0000000D          0x080001c6   Section        8  __rtentry2.o(.ARM.Collect$$rtentry$$0000000D)
    .ARM.Collect$$rtexit$$00000000           0x080001ce   Section        2  rtexit.o(.ARM.Collect$$rtexit$$00000000)
    .ARM.Collect$$rtexit$$00000002           0x080001d0   Section        0  rtexit2.o(.ARM.Collect$$rtexit$$00000002)
    .ARM.Collect$$rtexit$$00000003           0x080001d0   Section        4  rtexit2.o(.ARM.Collect$$rtexit$$00000003)
    .ARM.Collect$$rtexit$$00000004           0x080001d4   Section        6  rtexit2.o(.ARM.Collect$$rtexit$$00000004)
    .emb_text                                0x080001dc   Section      150  port.o(.emb_text)
    .text                                    0x08000274   Section       64  startup_stm32f10x_hd.o(.text)
    .text                                    0x080002b4   Section        0  stm32f10x_it.o(.text)
    .text                                    0x080002c0   Section        0  system_stm32f10x.o(.text)
    SetSysClockTo72                          0x080002c1   Thumb Code   160  system_stm32f10x.o(.text)
    .text                                    0x08000418   Section        0  sys.o(.text)
    .text                                    0x0800044c   Section        0  system.o(.text)
    .text                                    0x0800047c   Section        0  delay.o(.text)
    .text                                    0x08000578   Section        0  show.o(.text)
    .text                                    0x080005bc   Section        0  misc.o(.text)
    .text                                    0x0800066c   Section        0  stm32f10x_bkp.o(.text)
    .text                                    0x08000704   Section        0  stm32f10x_gpio.o(.text)
    .text                                    0x08000968   Section        0  stm32f10x_pwr.o(.text)
    .text                                    0x08000a14   Section        0  stm32f10x_rcc.o(.text)
    .text                                    0x08000ccc   Section        0  stm32f10x_usart.o(.text)
    .text                                    0x08000ff4   Section        0  led.o(.text)
    .text                                    0x0800107c   Section        0  oled.o(.text)
    .text                                    0x0800140c   Section        0  buzzer.o(.text)
    .text                                    0x08001460   Section        0  userbutton.o(.text)
    playSong                                 0x080014b1   Thumb Code   204  userbutton.o(.text)
    .text                                    0x0800158c   Section        0  uart.o(.text)
    .text                                    0x08001728   Section        0  list.o(.text)
    .text                                    0x080017b0   Section        0  queue.o(.text)
    prvCopyDataToQueue                       0x08001865   Thumb Code   106  queue.o(.text)
    prvNotifyQueueSetContainer               0x080018cf   Thumb Code    70  queue.o(.text)
    prvUnlockQueue                           0x08001915   Thumb Code   120  queue.o(.text)
    prvCopyDataFromQueue                     0x08001ae7   Thumb Code    38  queue.o(.text)
    prvIsQueueEmpty                          0x08001f85   Thumb Code    26  queue.o(.text)
    .text                                    0x08001fa4   Section        0  tasks.o(.text)
    prvAddNewTaskToReadyList                 0x08001fa5   Thumb Code   192  tasks.o(.text)
    prvAddCurrentTaskToDelayedList           0x08002299   Thumb Code   102  tasks.o(.text)
    prvIdleTask                              0x0800265f   Thumb Code    30  tasks.o(.text)
    prvListTasksWithinSingleList             0x0800279d   Thumb Code    84  tasks.o(.text)
    prvInitialiseNewTask                     0x08002edd   Thumb Code   136  tasks.o(.text)
    prvResetNextTaskUnblockTime              0x08002f65   Thumb Code    26  tasks.o(.text)
    prvDeleteTCB                             0x08002f7f   Thumb Code    20  tasks.o(.text)
    prvTaskIsTaskSuspended                   0x08002f93   Thumb Code    28  tasks.o(.text)
    prvCheckTasksWaitingTermination          0x08002faf   Thumb Code    76  tasks.o(.text)
    .text                                    0x0800300c   Section        0  timers.o(.text)
    prvInsertTimerInActiveList               0x0800300d   Thumb Code    52  timers.o(.text)
    prvProcessReceivedCommands               0x0800308b   Thumb Code   160  timers.o(.text)
    prvTimerTask                             0x0800312b   Thumb Code    34  timers.o(.text)
    prvCheckForValidListAndQueue             0x0800314d   Thumb Code    62  timers.o(.text)
    prvSampleTimeNow                         0x08003283   Thumb Code    36  timers.o(.text)
    prvProcessTimerOrBlockTask               0x080032a7   Thumb Code   154  timers.o(.text)
    prvSwitchTimerLists                      0x08003341   Thumb Code    84  timers.o(.text)
    .text                                    0x080033b4   Section        0  heap_4.o(.text)
    prvInsertBlockIntoFreeList               0x080033b5   Thumb Code    72  heap_4.o(.text)
    prvHeapInit                              0x080034df   Thumb Code    66  heap_4.o(.text)
    .text                                    0x08003528   Section        0  port.o(.text)
    prvTaskExitError                         0x08003529   Thumb Code    16  port.o(.text)
    .text                                    0x08003668   Section        0  main.o(.text)
    .text                                    0x080037ec   Section        0  noretval__2sprintf.o(.text)
    .text                                    0x08003814   Section        0  __printf.o(.text)
    .text                                    0x0800387c   Section        0  _printf_str.o(.text)
    .text                                    0x080038d0   Section        0  _printf_dec.o(.text)
    .text                                    0x08003948   Section        0  strcpy.o(.text)
    .text                                    0x08003990   Section        0  strlen.o(.text)
    .text                                    0x080039ce   Section      138  rt_memcpy_v6.o(.text)
    .text                                    0x08003a58   Section       16  aeabi_memset.o(.text)
    .text                                    0x08003a68   Section        0  heapauxi.o(.text)
    .text                                    0x08003a6e   Section        0  _printf_intcommon.o(.text)
    .text                                    0x08003b20   Section        0  _printf_char_common.o(.text)
    _printf_input_char                       0x08003b21   Thumb Code    10  _printf_char_common.o(.text)
    .text                                    0x08003b50   Section        0  _sputc.o(.text)
    .text                                    0x08003b5a   Section        0  _printf_char.o(.text)
    .text                                    0x08003b86   Section      100  rt_memcpy_w.o(.text)
    .text                                    0x08003bea   Section       68  rt_memclr.o(.text)
    .text                                    0x08003c2e   Section       78  rt_memclr_w.o(.text)
    .text                                    0x08003c7c   Section       74  sys_stackheap_outer.o(.text)
    .text                                    0x08003cc6   Section        0  exit.o(.text)
    .text                                    0x08003cd8   Section        8  libspace.o(.text)
    .text                                    0x08003ce0   Section        0  sys_exit.o(.text)
    .text                                    0x08003cec   Section        2  use_no_semi.o(.text)
    .constdata                               0x08003cee   Section     2660  oled.o(.constdata)
    .text                                    0x08003cee   Section        0  indicate_semi.o(.text)
    .conststring                             0x08004754   Section      105  userbutton.o(.conststring)
    .data                                    0x20000000   Section       20  system_stm32f10x.o(.data)
    .data                                    0x20000014   Section        8  delay.o(.data)
    fac_us                                   0x20000014   Data           1  delay.o(.data)
    fac_ms                                   0x20000016   Data           2  delay.o(.data)
    sysTickCnt                               0x20000018   Data           4  delay.o(.data)
    .data                                    0x2000001c   Section       20  stm32f10x_rcc.o(.data)
    ADCPrescTable                            0x2000001c   Data           4  stm32f10x_rcc.o(.data)
    APBAHBPrescTable                         0x20000020   Data          16  stm32f10x_rcc.o(.data)
    .data                                    0x20000030   Section        4  led.o(.data)
    .data                                    0x20000034   Section       60  userbutton.o(.data)
    song                                     0x20000034   Data           4  userbutton.o(.data)
    notes                                    0x20000038   Data          56  userbutton.o(.data)
    .data                                    0x20000070   Section        2  uart.o(.data)
    Count                                    0x20000070   Data           1  uart.o(.data)
    i                                        0x20000071   Data           1  uart.o(.data)
    .data                                    0x20000074   Section       60  tasks.o(.data)
    uxDeletedTasksWaitingCleanUp             0x20000078   Data           4  tasks.o(.data)
    uxCurrentNumberOfTasks                   0x2000007c   Data           4  tasks.o(.data)
    xTickCount                               0x20000080   Data           4  tasks.o(.data)
    uxTopReadyPriority                       0x20000084   Data           4  tasks.o(.data)
    xSchedulerRunning                        0x20000088   Data           4  tasks.o(.data)
    uxPendedTicks                            0x2000008c   Data           4  tasks.o(.data)
    xYieldPending                            0x20000090   Data           4  tasks.o(.data)
    xNumOfOverflows                          0x20000094   Data           4  tasks.o(.data)
    uxTaskNumber                             0x20000098   Data           4  tasks.o(.data)
    xNextTaskUnblockTime                     0x2000009c   Data           4  tasks.o(.data)
    xIdleTaskHandle                          0x200000a0   Data           4  tasks.o(.data)
    uxSchedulerSuspended                     0x200000a4   Data           4  tasks.o(.data)
    pxDelayedTaskList                        0x200000a8   Data           4  tasks.o(.data)
    pxOverflowDelayedTaskList                0x200000ac   Data           4  tasks.o(.data)
    .data                                    0x200000b0   Section       20  timers.o(.data)
    xTimerQueue                              0x200000b0   Data           4  timers.o(.data)
    xTimerTaskHandle                         0x200000b4   Data           4  timers.o(.data)
    xLastTime                                0x200000b8   Data           4  timers.o(.data)
    pxCurrentTimerList                       0x200000bc   Data           4  timers.o(.data)
    pxOverflowTimerList                      0x200000c0   Data           4  timers.o(.data)
    .data                                    0x200000c4   Section       24  heap_4.o(.data)
    pxEnd                                    0x200000c4   Data           4  heap_4.o(.data)
    xFreeBytesRemaining                      0x200000c8   Data           4  heap_4.o(.data)
    xMinimumEverFreeBytesRemaining           0x200000cc   Data           4  heap_4.o(.data)
    xBlockAllocatedBit                       0x200000d0   Data           4  heap_4.o(.data)
    xStart                                   0x200000d4   Data           8  heap_4.o(.data)
    .data                                    0x200000dc   Section       12  port.o(.data)
    ucMaxSysCallPriority                     0x200000dc   Data           1  port.o(.data)
    uxCriticalNesting                        0x200000e0   Data           4  port.o(.data)
    ulMaxPRIGROUPValue                       0x200000e4   Data           4  port.o(.data)
    .data                                    0x200000e8   Section       12  main.o(.data)
    .bss                                     0x200000f4   Section     1024  oled.o(.bss)
    .bss                                     0x200004f4   Section       10  uart.o(.bss)
    s                                        0x200004f4   Data          10  uart.o(.bss)
    .bss                                     0x20000500   Section       64  queue.o(.bss)
    .bss                                     0x20000540   Section      740  tasks.o(.bss)
    pxReadyTasksLists                        0x20000540   Data         640  tasks.o(.bss)
    xDelayedTaskList1                        0x200007c0   Data          20  tasks.o(.bss)
    xDelayedTaskList2                        0x200007d4   Data          20  tasks.o(.bss)
    xPendingReadyList                        0x200007e8   Data          20  tasks.o(.bss)
    xTasksWaitingTermination                 0x200007fc   Data          20  tasks.o(.bss)
    xSuspendedTaskList                       0x20000810   Data          20  tasks.o(.bss)
    .bss                                     0x20000824   Section       40  timers.o(.bss)
    xActiveTimerList1                        0x20000824   Data          20  timers.o(.bss)
    xActiveTimerList2                        0x20000838   Data          20  timers.o(.bss)
    .bss                                     0x2000084c   Section    20480  heap_4.o(.bss)
    ucHeap                                   0x2000084c   Data       20480  heap_4.o(.bss)
    .bss                                     0x2000584c   Section       96  libspace.o(.bss)
    HEAP                                     0x200058b0   Section      512  startup_stm32f10x_hd.o(HEAP)
    Heap_Mem                                 0x200058b0   Data         512  startup_stm32f10x_hd.o(HEAP)
    STACK                                    0x20005ab0   Section     1024  startup_stm32f10x_hd.o(STACK)
    Stack_Mem                                0x20005ab0   Data        1024  startup_stm32f10x_hd.o(STACK)
    __initial_sp                             0x20005eb0   Data           0  startup_stm32f10x_hd.o(STACK)

    Global Symbols

    Symbol Name                              Value     Ov Type        Size  Object(Section)

    BuildAttributes$$THM_ISAv4$P$D$K$B$S$PE$A:L22UL41UL21$X:L11$S22US41US21$IEEE1$IW$USESV6$~STKCKD$USESV7$~SHL$OSPACE$ROPI$EBA8$UX$STANDARDLIB$REQ8$PRES8$EABIv2 0x00000000   Number         0  anon$$obj.o ABSOLUTE
    __ARM_use_no_argv                        0x00000000   Number         0  main.o ABSOLUTE
    __ARM_exceptions_init                     - Undefined Weak Reference
    __alloca_initialize                       - Undefined Weak Reference
    __arm_preinit_                            - Undefined Weak Reference
    __cpp_initialize__aeabi_                  - Undefined Weak Reference
    __cxa_finalize                            - Undefined Weak Reference
    __rt_locale                               - Undefined Weak Reference
    __sigvec_lookup                           - Undefined Weak Reference
    _atexit_init                              - Undefined Weak Reference
    _call_atexit_fns                          - Undefined Weak Reference
    _clock_init                               - Undefined Weak Reference
    _fp_trap_init                             - Undefined Weak Reference
    _fp_trap_shutdown                         - Undefined Weak Reference
    _get_lc_collate                           - Undefined Weak Reference
    _get_lc_ctype                             - Undefined Weak Reference
    _get_lc_monetary                          - Undefined Weak Reference
    _get_lc_numeric                           - Undefined Weak Reference
    _get_lc_time                              - Undefined Weak Reference
    _getenv_init                              - Undefined Weak Reference
    _handle_redirection                       - Undefined Weak Reference
    _init_alloc                               - Undefined Weak Reference
    _init_user_alloc                          - Undefined Weak Reference
    _initio                                   - Undefined Weak Reference
    _printf_mbtowc                            - Undefined Weak Reference
    _printf_post_padding                      - Undefined Weak Reference
    _printf_pre_padding                       - Undefined Weak Reference
    _printf_truncate_signed                   - Undefined Weak Reference
    _printf_truncate_unsigned                 - Undefined Weak Reference
    _rand_init                                - Undefined Weak Reference
    _signal_finish                            - Undefined Weak Reference
    _signal_init                              - Undefined Weak Reference
    _terminate_alloc                          - Undefined Weak Reference
    _terminate_user_alloc                     - Undefined Weak Reference
    _terminateio                              - Undefined Weak Reference
    __Vectors_Size                           0x00000130   Number         0  startup_stm32f10x_hd.o ABSOLUTE
    __Vectors                                0x08000000   Data           4  startup_stm32f10x_hd.o(RESET)
    __Vectors_End                            0x08000130   Data           0  startup_stm32f10x_hd.o(RESET)
    __main                                   0x08000131   Thumb Code     8  __main.o(!!!main)
    __scatterload                            0x08000139   Thumb Code     0  __scatter.o(!!!scatter)
    __scatterload_rt2                        0x08000139   Thumb Code    44  __scatter.o(!!!scatter)
    __scatterload_rt2_thumb_only             0x08000139   Thumb Code     0  __scatter.o(!!!scatter)
    __scatterload_null                       0x08000147   Thumb Code     0  __scatter.o(!!!scatter)
    __scatterload_copy                       0x0800016d   Thumb Code    26  __scatter_copy.o(!!handler_copy)
    __scatterload_zeroinit                   0x08000189   Thumb Code    28  __scatter_zi.o(!!handler_zi)
    _printf_percent                          0x080001a5   Thumb Code     0  _printf_percent.o(.ARM.Collect$$_printf_percent$$00000000)
    _printf_u                                0x080001a5   Thumb Code     0  _printf_u.o(.ARM.Collect$$_printf_percent$$0000000A)
    _printf_c                                0x080001ab   Thumb Code     0  _printf_c.o(.ARM.Collect$$_printf_percent$$00000013)
    _printf_percent_end                      0x080001b1   Thumb Code     0  _printf_percent_end.o(.ARM.Collect$$_printf_percent$$00000017)
    __rt_lib_init                            0x080001b5   Thumb Code     0  libinit.o(.ARM.Collect$$libinit$$00000000)
    __rt_lib_init_alloca_1                   0x080001b7   Thumb Code     0  libinit2.o(.ARM.Collect$$libinit$$0000002E)
    __rt_lib_init_argv_1                     0x080001b7   Thumb Code     0  libinit2.o(.ARM.Collect$$libinit$$0000002C)
    __rt_lib_init_atexit_1                   0x080001b7   Thumb Code     0  libinit2.o(.ARM.Collect$$libinit$$0000001B)
    __rt_lib_init_clock_1                    0x080001b7   Thumb Code     0  libinit2.o(.ARM.Collect$$libinit$$00000021)
    __rt_lib_init_cpp_1                      0x080001b7   Thumb Code     0  libinit2.o(.ARM.Collect$$libinit$$00000032)
    __rt_lib_init_exceptions_1               0x080001b7   Thumb Code     0  libinit2.o(.ARM.Collect$$libinit$$00000030)
    __rt_lib_init_fp_1                       0x080001b7   Thumb Code     0  libinit2.o(.ARM.Collect$$libinit$$00000002)
    __rt_lib_init_fp_trap_1                  0x080001b7   Thumb Code     0  libinit2.o(.ARM.Collect$$libinit$$0000001F)
    __rt_lib_init_getenv_1                   0x080001b7   Thumb Code     0  libinit2.o(.ARM.Collect$$libinit$$00000023)
    __rt_lib_init_heap_1                     0x080001b7   Thumb Code     0  libinit2.o(.ARM.Collect$$libinit$$0000000A)
    __rt_lib_init_lc_collate_1               0x080001b7   Thumb Code     0  libinit2.o(.ARM.Collect$$libinit$$00000011)
    __rt_lib_init_lc_ctype_1                 0x080001b7   Thumb Code     0  libinit2.o(.ARM.Collect$$libinit$$00000013)
    __rt_lib_init_lc_monetary_1              0x080001b7   Thumb Code     0  libinit2.o(.ARM.Collect$$libinit$$00000015)
    __rt_lib_init_lc_numeric_1               0x080001b7   Thumb Code     0  libinit2.o(.ARM.Collect$$libinit$$00000017)
    __rt_lib_init_lc_time_1                  0x080001b7   Thumb Code     0  libinit2.o(.ARM.Collect$$libinit$$00000019)
    __rt_lib_init_preinit_1                  0x080001b7   Thumb Code     0  libinit2.o(.ARM.Collect$$libinit$$00000004)
    __rt_lib_init_rand_1                     0x080001b7   Thumb Code     0  libinit2.o(.ARM.Collect$$libinit$$0000000E)
    __rt_lib_init_return                     0x080001b7   Thumb Code     0  libinit2.o(.ARM.Collect$$libinit$$00000033)
    __rt_lib_init_signal_1                   0x080001b7   Thumb Code     0  libinit2.o(.ARM.Collect$$libinit$$0000001D)
    __rt_lib_init_stdio_1                    0x080001b7   Thumb Code     0  libinit2.o(.ARM.Collect$$libinit$$00000025)
    __rt_lib_init_user_alloc_1               0x080001b7   Thumb Code     0  libinit2.o(.ARM.Collect$$libinit$$0000000C)
    __rt_lib_shutdown                        0x080001b9   Thumb Code     0  libshutdown.o(.ARM.Collect$$libshutdown$$00000000)
    __rt_lib_shutdown_cpp_1                  0x080001bb   Thumb Code     0  libshutdown2.o(.ARM.Collect$$libshutdown$$00000002)
    __rt_lib_shutdown_fp_trap_1              0x080001bb   Thumb Code     0  libshutdown2.o(.ARM.Collect$$libshutdown$$00000007)
    __rt_lib_shutdown_heap_1                 0x080001bb   Thumb Code     0  libshutdown2.o(.ARM.Collect$$libshutdown$$0000000F)
    __rt_lib_shutdown_return                 0x080001bb   Thumb Code     0  libshutdown2.o(.ARM.Collect$$libshutdown$$00000010)
    __rt_lib_shutdown_signal_1               0x080001bb   Thumb Code     0  libshutdown2.o(.ARM.Collect$$libshutdown$$0000000A)
    __rt_lib_shutdown_stdio_1                0x080001bb   Thumb Code     0  libshutdown2.o(.ARM.Collect$$libshutdown$$00000004)
    __rt_lib_shutdown_user_alloc_1           0x080001bb   Thumb Code     0  libshutdown2.o(.ARM.Collect$$libshutdown$$0000000C)
    __rt_entry                               0x080001bd   Thumb Code     0  __rtentry.o(.ARM.Collect$$rtentry$$00000000)
    __rt_entry_presh_1                       0x080001bd   Thumb Code     0  __rtentry2.o(.ARM.Collect$$rtentry$$00000002)
    __rt_entry_sh                            0x080001bd   Thumb Code     0  __rtentry4.o(.ARM.Collect$$rtentry$$00000004)
    __rt_entry_li                            0x080001c3   Thumb Code     0  __rtentry2.o(.ARM.Collect$$rtentry$$0000000A)
    __rt_entry_postsh_1                      0x080001c3   Thumb Code     0  __rtentry2.o(.ARM.Collect$$rtentry$$00000009)
    __rt_entry_main                          0x080001c7   Thumb Code     0  __rtentry2.o(.ARM.Collect$$rtentry$$0000000D)
    __rt_entry_postli_1                      0x080001c7   Thumb Code     0  __rtentry2.o(.ARM.Collect$$rtentry$$0000000C)
    __rt_exit                                0x080001cf   Thumb Code     0  rtexit.o(.ARM.Collect$$rtexit$$00000000)
    __rt_exit_ls                             0x080001d1   Thumb Code     0  rtexit2.o(.ARM.Collect$$rtexit$$00000003)
    __rt_exit_prels_1                        0x080001d1   Thumb Code     0  rtexit2.o(.ARM.Collect$$rtexit$$00000002)
    __rt_exit_exit                           0x080001d5   Thumb Code     0  rtexit2.o(.ARM.Collect$$rtexit$$00000004)
    SVC_Handler                              0x080001dd   Thumb Code    32  port.o(.emb_text)
    __asm___6_port_c_39a90d8d__prvStartFirstTask 0x08000201   Thumb Code    28  port.o(.emb_text)
    PendSV_Handler                           0x08000221   Thumb Code    72  port.o(.emb_text)
    vPortGetIPSR                             0x0800026d   Thumb Code     6  port.o(.emb_text)
    Reset_Handler                            0x08000275   Thumb Code     8  startup_stm32f10x_hd.o(.text)
    ADC1_2_IRQHandler                        0x0800028f   Thumb Code     0  startup_stm32f10x_hd.o(.text)
    ADC3_IRQHandler                          0x0800028f   Thumb Code     0  startup_stm32f10x_hd.o(.text)
    CAN1_RX1_IRQHandler                      0x0800028f   Thumb Code     0  startup_stm32f10x_hd.o(.text)
    CAN1_SCE_IRQHandler                      0x0800028f   Thumb Code     0  startup_stm32f10x_hd.o(.text)
    DMA1_Channel1_IRQHandler                 0x0800028f   Thumb Code     0  startup_stm32f10x_hd.o(.text)
    DMA1_Channel2_IRQHandler                 0x0800028f   Thumb Code     0  startup_stm32f10x_hd.o(.text)
    DMA1_Channel3_IRQHandler                 0x0800028f   Thumb Code     0  startup_stm32f10x_hd.o(.text)
    DMA1_Channel4_IRQHandler                 0x0800028f   Thumb Code     0  startup_stm32f10x_hd.o(.text)
    DMA1_Channel5_IRQHandler                 0x0800028f   Thumb Code     0  startup_stm32f10x_hd.o(.text)
    DMA1_Channel6_IRQHandler                 0x0800028f   Thumb Code     0  startup_stm32f10x_hd.o(.text)
    DMA1_Channel7_IRQHandler                 0x0800028f   Thumb Code     0  startup_stm32f10x_hd.o(.text)
    DMA2_Channel1_IRQHandler                 0x0800028f   Thumb Code     0  startup_stm32f10x_hd.o(.text)
    DMA2_Channel2_IRQHandler                 0x0800028f   Thumb Code     0  startup_stm32f10x_hd.o(.text)
    DMA2_Channel3_IRQHandler                 0x0800028f   Thumb Code     0  startup_stm32f10x_hd.o(.text)
    DMA2_Channel4_5_IRQHandler               0x0800028f   Thumb Code     0  startup_stm32f10x_hd.o(.text)
    EXTI0_IRQHandler                         0x0800028f   Thumb Code     0  startup_stm32f10x_hd.o(.text)
    EXTI15_10_IRQHandler                     0x0800028f   Thumb Code     0  startup_stm32f10x_hd.o(.text)
    EXTI1_IRQHandler                         0x0800028f   Thumb Code     0  startup_stm32f10x_hd.o(.text)
    EXTI2_IRQHandler                         0x0800028f   Thumb Code     0  startup_stm32f10x_hd.o(.text)
    EXTI3_IRQHandler                         0x0800028f   Thumb Code     0  startup_stm32f10x_hd.o(.text)
    EXTI4_IRQHandler                         0x0800028f   Thumb Code     0  startup_stm32f10x_hd.o(.text)
    EXTI9_5_IRQHandler                       0x0800028f   Thumb Code     0  startup_stm32f10x_hd.o(.text)
    FLASH_IRQHandler                         0x0800028f   Thumb Code     0  startup_stm32f10x_hd.o(.text)
    FSMC_IRQHandler                          0x0800028f   Thumb Code     0  startup_stm32f10x_hd.o(.text)
    I2C1_ER_IRQHandler                       0x0800028f   Thumb Code     0  startup_stm32f10x_hd.o(.text)
    I2C1_EV_IRQHandler                       0x0800028f   Thumb Code     0  startup_stm32f10x_hd.o(.text)
    I2C2_ER_IRQHandler                       0x0800028f   Thumb Code     0  startup_stm32f10x_hd.o(.text)
    I2C2_EV_IRQHandler                       0x0800028f   Thumb Code     0  startup_stm32f10x_hd.o(.text)
    PVD_IRQHandler                           0x0800028f   Thumb Code     0  startup_stm32f10x_hd.o(.text)
    RCC_IRQHandler                           0x0800028f   Thumb Code     0  startup_stm32f10x_hd.o(.text)
    RTCAlarm_IRQHandler                      0x0800028f   Thumb Code     0  startup_stm32f10x_hd.o(.text)
    RTC_IRQHandler                           0x0800028f   Thumb Code     0  startup_stm32f10x_hd.o(.text)
    SDIO_IRQHandler                          0x0800028f   Thumb Code     0  startup_stm32f10x_hd.o(.text)
    SPI1_IRQHandler                          0x0800028f   Thumb Code     0  startup_stm32f10x_hd.o(.text)
    SPI2_IRQHandler                          0x0800028f   Thumb Code     0  startup_stm32f10x_hd.o(.text)
    SPI3_IRQHandler                          0x0800028f   Thumb Code     0  startup_stm32f10x_hd.o(.text)
    TAMPER_IRQHandler                        0x0800028f   Thumb Code     0  startup_stm32f10x_hd.o(.text)
    TIM1_BRK_IRQHandler                      0x0800028f   Thumb Code     0  startup_stm32f10x_hd.o(.text)
    TIM1_CC_IRQHandler                       0x0800028f   Thumb Code     0  startup_stm32f10x_hd.o(.text)
    TIM1_TRG_COM_IRQHandler                  0x0800028f   Thumb Code     0  startup_stm32f10x_hd.o(.text)
    TIM1_UP_IRQHandler                       0x0800028f   Thumb Code     0  startup_stm32f10x_hd.o(.text)
    TIM2_IRQHandler                          0x0800028f   Thumb Code     0  startup_stm32f10x_hd.o(.text)
    TIM3_IRQHandler                          0x0800028f   Thumb Code     0  startup_stm32f10x_hd.o(.text)
    TIM4_IRQHandler                          0x0800028f   Thumb Code     0  startup_stm32f10x_hd.o(.text)
    TIM5_IRQHandler                          0x0800028f   Thumb Code     0  startup_stm32f10x_hd.o(.text)
    TIM6_IRQHandler                          0x0800028f   Thumb Code     0  startup_stm32f10x_hd.o(.text)
    TIM7_IRQHandler                          0x0800028f   Thumb Code     0  startup_stm32f10x_hd.o(.text)
    TIM8_BRK_IRQHandler                      0x0800028f   Thumb Code     0  startup_stm32f10x_hd.o(.text)
    TIM8_CC_IRQHandler                       0x0800028f   Thumb Code     0  startup_stm32f10x_hd.o(.text)
    TIM8_TRG_COM_IRQHandler                  0x0800028f   Thumb Code     0  startup_stm32f10x_hd.o(.text)
    TIM8_UP_IRQHandler                       0x0800028f   Thumb Code     0  startup_stm32f10x_hd.o(.text)
    UART4_IRQHandler                         0x0800028f   Thumb Code     0  startup_stm32f10x_hd.o(.text)
    UART5_IRQHandler                         0x0800028f   Thumb Code     0  startup_stm32f10x_hd.o(.text)
    USART1_IRQHandler                        0x0800028f   Thumb Code     0  startup_stm32f10x_hd.o(.text)
    USART2_IRQHandler                        0x0800028f   Thumb Code     0  startup_stm32f10x_hd.o(.text)
    USBWakeUp_IRQHandler                     0x0800028f   Thumb Code     0  startup_stm32f10x_hd.o(.text)
    USB_HP_CAN1_TX_IRQHandler                0x0800028f   Thumb Code     0  startup_stm32f10x_hd.o(.text)
    USB_LP_CAN1_RX0_IRQHandler               0x0800028f   Thumb Code     0  startup_stm32f10x_hd.o(.text)
    WWDG_IRQHandler                          0x0800028f   Thumb Code     0  startup_stm32f10x_hd.o(.text)
    __user_initial_stackheap                 0x08000291   Thumb Code     0  startup_stm32f10x_hd.o(.text)
    NMI_Handler                              0x080002b5   Thumb Code     2  stm32f10x_it.o(.text)
    HardFault_Handler                        0x080002b7   Thumb Code     2  stm32f10x_it.o(.text)
    MemManage_Handler                        0x080002b9   Thumb Code     2  stm32f10x_it.o(.text)
    BusFault_Handler                         0x080002bb   Thumb Code     2  stm32f10x_it.o(.text)
    UsageFault_Handler                       0x080002bd   Thumb Code     2  stm32f10x_it.o(.text)
    DebugMon_Handler                         0x080002bf   Thumb Code     2  stm32f10x_it.o(.text)
    SystemInit                               0x08000361   Thumb Code    64  system_stm32f10x.o(.text)
    SystemCoreClockUpdate                    0x080003a1   Thumb Code    86  system_stm32f10x.o(.text)
    WFI_SET                                  0x08000419   Thumb Code     4  sys.o(.text)
    INTX_DISABLE                             0x0800041d   Thumb Code     4  sys.o(.text)
    INTX_ENABLE                              0x08000421   Thumb Code     4  sys.o(.text)
    JTAG_Set                                 0x08000425   Thumb Code    30  sys.o(.text)
    systemInit                               0x0800044d   Thumb Code    46  system.o(.text)
    delay_init                               0x0800047d   Thumb Code    60  delay.o(.text)
    delay_us                                 0x080004b9   Thumb Code    48  delay.o(.text)
    delay_ms                                 0x080004e9   Thumb Code    54  delay.o(.text)
    delay_xms                                0x0800051f   Thumb Code    26  delay.o(.text)
    SysTick_Handler                          0x08000539   Thumb Code    28  delay.o(.text)
    getSysTickCnt                            0x08000555   Thumb Code    24  delay.o(.text)
    oled_show                                0x08000579   Thumb Code    30  show.o(.text)
    show_task                                0x08000597   Thumb Code    22  show.o(.text)
    NVIC_PriorityGroupConfig                 0x080005bd   Thumb Code    10  misc.o(.text)
    NVIC_Init                                0x080005c7   Thumb Code    94  misc.o(.text)
    NVIC_SetVectorTable                      0x08000625   Thumb Code    14  misc.o(.text)
    NVIC_SystemLPConfig                      0x08000633   Thumb Code    20  misc.o(.text)
    SysTick_CLKSourceConfig                  0x08000647   Thumb Code    24  misc.o(.text)
    BKP_DeInit                               0x0800066d   Thumb Code    18  stm32f10x_bkp.o(.text)
    BKP_TamperPinLevelConfig                 0x0800067f   Thumb Code     6  stm32f10x_bkp.o(.text)
    BKP_TamperPinCmd                         0x08000685   Thumb Code     8  stm32f10x_bkp.o(.text)
    BKP_ITConfig                             0x0800068d   Thumb Code     8  stm32f10x_bkp.o(.text)
    BKP_RTCOutputConfig                      0x08000695   Thumb Code    14  stm32f10x_bkp.o(.text)
    BKP_SetRTCCalibrationValue               0x080006a3   Thumb Code    14  stm32f10x_bkp.o(.text)
    BKP_WriteBackupRegister                  0x080006b1   Thumb Code    14  stm32f10x_bkp.o(.text)
    BKP_ReadBackupRegister                   0x080006bf   Thumb Code    14  stm32f10x_bkp.o(.text)
    BKP_GetFlagStatus                        0x080006cd   Thumb Code    10  stm32f10x_bkp.o(.text)
    BKP_ClearFlag                            0x080006d7   Thumb Code    14  stm32f10x_bkp.o(.text)
    BKP_GetITStatus                          0x080006e5   Thumb Code    10  stm32f10x_bkp.o(.text)
    BKP_ClearITPendingBit                    0x080006ef   Thumb Code    14  stm32f10x_bkp.o(.text)
    GPIO_DeInit                              0x08000705   Thumb Code   152  stm32f10x_gpio.o(.text)
    GPIO_AFIODeInit                          0x0800079d   Thumb Code    22  stm32f10x_gpio.o(.text)
    GPIO_Init                                0x080007b3   Thumb Code   156  stm32f10x_gpio.o(.text)
    GPIO_StructInit                          0x0800084f   Thumb Code    16  stm32f10x_gpio.o(.text)
    GPIO_ReadInputDataBit                    0x0800085f   Thumb Code    14  stm32f10x_gpio.o(.text)
    GPIO_ReadInputData                       0x0800086d   Thumb Code     6  stm32f10x_gpio.o(.text)
    GPIO_ReadOutputDataBit                   0x08000873   Thumb Code    14  stm32f10x_gpio.o(.text)
    GPIO_ReadOutputData                      0x08000881   Thumb Code     6  stm32f10x_gpio.o(.text)
    GPIO_SetBits                             0x08000887   Thumb Code     4  stm32f10x_gpio.o(.text)
    GPIO_ResetBits                           0x0800088b   Thumb Code     4  stm32f10x_gpio.o(.text)
    GPIO_WriteBit                            0x0800088f   Thumb Code    10  stm32f10x_gpio.o(.text)
    GPIO_Write                               0x08000899   Thumb Code     4  stm32f10x_gpio.o(.text)
    GPIO_PinLockConfig                       0x0800089d   Thumb Code    16  stm32f10x_gpio.o(.text)
    GPIO_EventOutputConfig                   0x080008ad   Thumb Code    22  stm32f10x_gpio.o(.text)
    GPIO_EventOutputCmd                      0x080008c3   Thumb Code     6  stm32f10x_gpio.o(.text)
    GPIO_PinRemapConfig                      0x080008c9   Thumb Code    82  stm32f10x_gpio.o(.text)
    GPIO_EXTILineConfig                      0x0800091b   Thumb Code    34  stm32f10x_gpio.o(.text)
    GPIO_ETH_MediaInterfaceConfig            0x0800093d   Thumb Code     8  stm32f10x_gpio.o(.text)
    PWR_DeInit                               0x08000969   Thumb Code    24  stm32f10x_pwr.o(.text)
    PWR_BackupAccessCmd                      0x08000981   Thumb Code     6  stm32f10x_pwr.o(.text)
    PWR_PVDCmd                               0x08000987   Thumb Code     6  stm32f10x_pwr.o(.text)
    PWR_PVDLevelConfig                       0x0800098d   Thumb Code    14  stm32f10x_pwr.o(.text)
    PWR_WakeUpPinCmd                         0x0800099b   Thumb Code     8  stm32f10x_pwr.o(.text)
    PWR_EnterSTOPMode                        0x080009a3   Thumb Code    42  stm32f10x_pwr.o(.text)
    PWR_EnterSTANDBYMode                     0x080009cd   Thumb Code    32  stm32f10x_pwr.o(.text)
    PWR_GetFlagStatus                        0x080009ed   Thumb Code    16  stm32f10x_pwr.o(.text)
    PWR_ClearFlag                            0x080009fd   Thumb Code    12  stm32f10x_pwr.o(.text)
    RCC_DeInit                               0x08000a15   Thumb Code    50  stm32f10x_rcc.o(.text)
    RCC_HSEConfig                            0x08000a47   Thumb Code    48  stm32f10x_rcc.o(.text)
    RCC_GetFlagStatus                        0x08000a77   Thumb Code    42  stm32f10x_rcc.o(.text)
    RCC_WaitForHSEStartUp                    0x08000aa1   Thumb Code    44  stm32f10x_rcc.o(.text)
    RCC_AdjustHSICalibrationValue            0x08000acd   Thumb Code    16  stm32f10x_rcc.o(.text)
    RCC_HSICmd                               0x08000add   Thumb Code     6  stm32f10x_rcc.o(.text)
    RCC_PLLConfig                            0x08000ae3   Thumb Code    16  stm32f10x_rcc.o(.text)
    RCC_PLLCmd                               0x08000af3   Thumb Code     6  stm32f10x_rcc.o(.text)
    RCC_SYSCLKConfig                         0x08000af9   Thumb Code    14  stm32f10x_rcc.o(.text)
    RCC_GetSYSCLKSource                      0x08000b07   Thumb Code    10  stm32f10x_rcc.o(.text)
    RCC_HCLKConfig                           0x08000b11   Thumb Code    14  stm32f10x_rcc.o(.text)
    RCC_PCLK1Config                          0x08000b1f   Thumb Code    14  stm32f10x_rcc.o(.text)
    RCC_PCLK2Config                          0x08000b2d   Thumb Code    16  stm32f10x_rcc.o(.text)
    RCC_ITConfig                             0x08000b3d   Thumb Code    18  stm32f10x_rcc.o(.text)
    RCC_USBCLKConfig                         0x08000b4f   Thumb Code     8  stm32f10x_rcc.o(.text)
    RCC_ADCCLKConfig                         0x08000b57   Thumb Code    14  stm32f10x_rcc.o(.text)
    RCC_LSEConfig                            0x08000b65   Thumb Code    28  stm32f10x_rcc.o(.text)
    RCC_LSICmd                               0x08000b81   Thumb Code     6  stm32f10x_rcc.o(.text)
    RCC_RTCCLKConfig                         0x08000b87   Thumb Code    10  stm32f10x_rcc.o(.text)
    RCC_RTCCLKCmd                            0x08000b91   Thumb Code     8  stm32f10x_rcc.o(.text)
    RCC_GetClocksFreq                        0x08000b99   Thumb Code   132  stm32f10x_rcc.o(.text)
    RCC_AHBPeriphClockCmd                    0x08000c1d   Thumb Code    18  stm32f10x_rcc.o(.text)
    RCC_APB2PeriphClockCmd                   0x08000c2f   Thumb Code    18  stm32f10x_rcc.o(.text)
    RCC_APB1PeriphClockCmd                   0x08000c41   Thumb Code    18  stm32f10x_rcc.o(.text)
    RCC_APB2PeriphResetCmd                   0x08000c53   Thumb Code    18  stm32f10x_rcc.o(.text)
    RCC_APB1PeriphResetCmd                   0x08000c65   Thumb Code    18  stm32f10x_rcc.o(.text)
    RCC_BackupResetCmd                       0x08000c77   Thumb Code     8  stm32f10x_rcc.o(.text)
    RCC_ClockSecuritySystemCmd               0x08000c7f   Thumb Code     6  stm32f10x_rcc.o(.text)
    RCC_MCOConfig                            0x08000c85   Thumb Code     6  stm32f10x_rcc.o(.text)
    RCC_ClearFlag                            0x08000c8b   Thumb Code    12  stm32f10x_rcc.o(.text)
    RCC_GetITStatus                          0x08000c97   Thumb Code    16  stm32f10x_rcc.o(.text)
    RCC_ClearITPendingBit                    0x08000ca7   Thumb Code     6  stm32f10x_rcc.o(.text)
    USART_DeInit                             0x08000ccd   Thumb Code    96  stm32f10x_usart.o(.text)
    USART_Init                               0x08000d2d   Thumb Code   166  stm32f10x_usart.o(.text)
    USART_StructInit                         0x08000dd3   Thumb Code    22  stm32f10x_usart.o(.text)
    USART_ClockInit                          0x08000de9   Thumb Code    30  stm32f10x_usart.o(.text)
    USART_ClockStructInit                    0x08000e07   Thumb Code    12  stm32f10x_usart.o(.text)
    USART_Cmd                                0x08000e13   Thumb Code    20  stm32f10x_usart.o(.text)
    USART_ITConfig                           0x08000e27   Thumb Code    48  stm32f10x_usart.o(.text)
    USART_DMACmd                             0x08000e57   Thumb Code    16  stm32f10x_usart.o(.text)
    USART_SetAddress                         0x08000e67   Thumb Code    16  stm32f10x_usart.o(.text)
    USART_WakeUpConfig                       0x08000e77   Thumb Code    16  stm32f10x_usart.o(.text)
    USART_ReceiverWakeUpCmd                  0x08000e87   Thumb Code    20  stm32f10x_usart.o(.text)
    USART_LINBreakDetectLengthConfig         0x08000e9b   Thumb Code    16  stm32f10x_usart.o(.text)
    USART_LINCmd                             0x08000eab   Thumb Code    20  stm32f10x_usart.o(.text)
    USART_SendData                           0x08000ebf   Thumb Code     8  stm32f10x_usart.o(.text)
    USART_ReceiveData                        0x08000ec7   Thumb Code     8  stm32f10x_usart.o(.text)
    USART_SendBreak                          0x08000ecf   Thumb Code    10  stm32f10x_usart.o(.text)
    USART_SetGuardTime                       0x08000ed9   Thumb Code    16  stm32f10x_usart.o(.text)
    USART_SetPrescaler                       0x08000ee9   Thumb Code    16  stm32f10x_usart.o(.text)
    USART_SmartCardCmd                       0x08000ef9   Thumb Code    20  stm32f10x_usart.o(.text)
    USART_SmartCardNACKCmd                   0x08000f0d   Thumb Code    20  stm32f10x_usart.o(.text)
    USART_HalfDuplexCmd                      0x08000f21   Thumb Code    20  stm32f10x_usart.o(.text)
    USART_OverSampling8Cmd                   0x08000f35   Thumb Code    20  stm32f10x_usart.o(.text)
    USART_OneBitMethodCmd                    0x08000f49   Thumb Code    20  stm32f10x_usart.o(.text)
    USART_IrDAConfig                         0x08000f5d   Thumb Code    16  stm32f10x_usart.o(.text)
    USART_IrDACmd                            0x08000f6d   Thumb Code    20  stm32f10x_usart.o(.text)
    USART_GetFlagStatus                      0x08000f81   Thumb Code    14  stm32f10x_usart.o(.text)
    USART_ClearFlag                          0x08000f8f   Thumb Code     6  stm32f10x_usart.o(.text)
    USART_GetITStatus                        0x08000f95   Thumb Code    62  stm32f10x_usart.o(.text)
    USART_ClearITPendingBit                  0x08000fd3   Thumb Code    12  stm32f10x_usart.o(.text)
    LED_Init                                 0x08000ff5   Thumb Code    50  led.o(.text)
    led_task                                 0x08001027   Thumb Code    22  led.o(.text)
    led_task1                                0x0800103d   Thumb Code    14  led.o(.text)
    led_task2                                0x0800104b   Thumb Code    32  led.o(.text)
    OLED_WR_Byte                             0x0800107d   Thumb Code    62  oled.o(.text)
    OLED_Refresh_Gram                        0x080010bb   Thumb Code    66  oled.o(.text)
    OLED_Display_On                          0x080010fd   Thumb Code    28  oled.o(.text)
    OLED_Display_Off                         0x08001119   Thumb Code    28  oled.o(.text)
    OLED_Clear                               0x08001135   Thumb Code    36  oled.o(.text)
    OLED_DrawPoint                           0x08001159   Thumb Code    54  oled.o(.text)
    OLED_ShowChar                            0x0800118f   Thumb Code   130  oled.o(.text)
    oled_pow                                 0x08001211   Thumb Code    16  oled.o(.text)
    OLED_ShowNumber                          0x08001221   Thumb Code   118  oled.o(.text)
    OLED_ShowString                          0x08001297   Thumb Code    62  oled.o(.text)
    OLED_Init                                0x080012d5   Thumb Code   290  oled.o(.text)
    Buzzer_Init                              0x0800140d   Thumb Code    50  buzzer.o(.text)
    buzzer_task                              0x0800143f   Thumb Code    24  buzzer.o(.text)
    userB_Init                               0x08001461   Thumb Code     8  userbutton.o(.text)
    userB_task                               0x08001469   Thumb Code    72  userbutton.o(.text)
    uart_init                                0x0800158d   Thumb Code   176  uart.o(.text)
    usart3_send                              0x0800163d   Thumb Code    16  uart.o(.text)
    USART3_IRQHandler                        0x0800164d   Thumb Code   114  uart.o(.text)
    uart_task                                0x080016bf   Thumb Code    82  uart.o(.text)
    vListInitialise                          0x08001729   Thumb Code    22  list.o(.text)
    vListInitialiseItem                      0x0800173f   Thumb Code     6  list.o(.text)
    vListInsertEnd                           0x08001745   Thumb Code    24  list.o(.text)
    vListInsert                              0x0800175d   Thumb Code    48  list.o(.text)
    uxListRemove                             0x0800178d   Thumb Code    36  list.o(.text)
    xQueueGenericReset                       0x080017b1   Thumb Code   112  queue.o(.text)
    xQueueGenericCreate                      0x08001821   Thumb Code    68  queue.o(.text)
    xQueueGenericSend                        0x0800198d   Thumb Code   268  queue.o(.text)
    xQueueCreateMutex                        0x08001a99   Thumb Code    36  queue.o(.text)
    xQueueGiveMutexRecursive                 0x08001abd   Thumb Code    42  queue.o(.text)
    xQueueGenericReceive                     0x08001b0d   Thumb Code   294  queue.o(.text)
    xQueueTakeMutexRecursive                 0x08001c33   Thumb Code    50  queue.o(.text)
    xQueueCreateCountingSemaphore            0x08001c65   Thumb Code    20  queue.o(.text)
    xQueueGenericSendFromISR                 0x08001c79   Thumb Code   128  queue.o(.text)
    xQueueGiveFromISR                        0x08001cf9   Thumb Code   110  queue.o(.text)
    xQueueReceiveFromISR                     0x08001d67   Thumb Code   106  queue.o(.text)
    xQueuePeekFromISR                        0x08001dd1   Thumb Code    54  queue.o(.text)
    uxQueueMessagesWaiting                   0x08001e07   Thumb Code    18  queue.o(.text)
    uxQueueSpacesAvailable                   0x08001e19   Thumb Code    22  queue.o(.text)
    uxQueueMessagesWaitingFromISR            0x08001e2f   Thumb Code     4  queue.o(.text)
    vQueueUnregisterQueue                    0x08001e33   Thumb Code    36  queue.o(.text)
    vQueueDelete                             0x08001e57   Thumb Code    18  queue.o(.text)
    uxQueueGetQueueNumber                    0x08001e69   Thumb Code     4  queue.o(.text)
    vQueueSetQueueNumber                     0x08001e6d   Thumb Code     4  queue.o(.text)
    ucQueueGetQueueType                      0x08001e71   Thumb Code     6  queue.o(.text)
    xQueueIsQueueEmptyFromISR                0x08001e77   Thumb Code    12  queue.o(.text)
    xQueueIsQueueFullFromISR                 0x08001e83   Thumb Code    16  queue.o(.text)
    vQueueAddToRegistry                      0x08001e93   Thumb Code    32  queue.o(.text)
    pcQueueGetName                           0x08001eb3   Thumb Code    34  queue.o(.text)
    vQueueWaitForMessageRestricted           0x08001ed5   Thumb Code    66  queue.o(.text)
    xQueueCreateSet                          0x08001f17   Thumb Code     6  queue.o(.text)
    xQueueAddToSet                           0x08001f1d   Thumb Code    34  queue.o(.text)
    xQueueRemoveFromSet                      0x08001f3f   Thumb Code    34  queue.o(.text)
    xQueueSelectFromSet                      0x08001f61   Thumb Code    18  queue.o(.text)
    xQueueSelectFromSetFromISR               0x08001f73   Thumb Code    18  queue.o(.text)
    xTaskCreate                              0x08002065   Thumb Code    86  tasks.o(.text)
    vTaskDelete                              0x080020bb   Thumb Code   140  tasks.o(.text)
    xTaskIncrementTick                       0x08002147   Thumb Code   170  tasks.o(.text)
    xTaskResumeAll                           0x080021f1   Thumb Code   168  tasks.o(.text)
    vTaskSuspendAll                          0x080022ff   Thumb Code    10  tasks.o(.text)
    vTaskDelayUntil                          0x08002309   Thumb Code    80  tasks.o(.text)
    vTaskDelay                               0x08002359   Thumb Code    64  tasks.o(.text)
    eTaskGetState                            0x08002399   Thumb Code    76  tasks.o(.text)
    uxTaskPriorityGet                        0x080023e5   Thumb Code    24  tasks.o(.text)
    uxTaskPriorityGetFromISR                 0x080023fd   Thumb Code    40  tasks.o(.text)
    vTaskPrioritySet                         0x08002425   Thumb Code   168  tasks.o(.text)
    vTaskSwitchContext                       0x080024cd   Thumb Code    60  tasks.o(.text)
    vTaskSuspend                             0x08002509   Thumb Code   138  tasks.o(.text)
    vTaskResume                              0x08002593   Thumb Code    96  tasks.o(.text)
    xTaskResumeFromISR                       0x080025f3   Thumb Code   108  tasks.o(.text)
    vTaskStartScheduler                      0x0800267d   Thumb Code    74  tasks.o(.text)
    vTaskEndScheduler                        0x080026c7   Thumb Code    24  tasks.o(.text)
    xTaskGetTickCount                        0x080026df   Thumb Code     6  tasks.o(.text)
    xTaskGetTickCountFromISR                 0x080026e5   Thumb Code    12  tasks.o(.text)
    uxTaskGetNumberOfTasks                   0x080026f1   Thumb Code     6  tasks.o(.text)
    pcTaskGetName                            0x080026f7   Thumb Code    10  tasks.o(.text)
    vTaskGetInfo                             0x08002701   Thumb Code   156  tasks.o(.text)
    uxTaskGetSystemState                     0x080027f1   Thumb Code   156  tasks.o(.text)
    vTaskPlaceOnEventList                    0x0800288d   Thumb Code    28  tasks.o(.text)
    vTaskPlaceOnUnorderedEventList           0x080028a9   Thumb Code    38  tasks.o(.text)
    vTaskPlaceOnEventListRestricted          0x080028cf   Thumb Code    36  tasks.o(.text)
    xTaskRemoveFromEventList                 0x080028f3   Thumb Code    88  tasks.o(.text)
    xTaskRemoveFromUnorderedEventList        0x0800294b   Thumb Code    74  tasks.o(.text)
    vTaskSetTimeOutState                     0x08002995   Thumb Code    12  tasks.o(.text)
    xTaskCheckForTimeOut                     0x080029a1   Thumb Code    66  tasks.o(.text)
    vTaskMissedYield                         0x080029e3   Thumb Code     8  tasks.o(.text)
    uxTaskGetTaskNumber                      0x080029eb   Thumb Code     8  tasks.o(.text)
    vTaskSetTaskNumber                       0x080029f3   Thumb Code     8  tasks.o(.text)
    xTaskGetCurrentTaskHandle                0x080029fb   Thumb Code     6  tasks.o(.text)
    xTaskGetSchedulerState                   0x08002a01   Thumb Code    22  tasks.o(.text)
    vTaskPriorityInherit                     0x08002a17   Thumb Code   124  tasks.o(.text)
    xTaskPriorityDisinherit                  0x08002a93   Thumb Code   104  tasks.o(.text)
    vTaskList                                0x08002afb   Thumb Code   188  tasks.o(.text)
    uxTaskResetEventItemValue                0x08002bb7   Thumb Code    20  tasks.o(.text)
    pvTaskIncrementMutexHeldCount            0x08002bcb   Thumb Code    18  tasks.o(.text)
    ulTaskNotifyTake                         0x08002bdd   Thumb Code   128  tasks.o(.text)
    xTaskNotifyWait                          0x08002c5d   Thumb Code   128  tasks.o(.text)
    xTaskGenericNotify                       0x08002cdd   Thumb Code   150  tasks.o(.text)
    xTaskGenericNotifyFromISR                0x08002d73   Thumb Code   188  tasks.o(.text)
    vTaskNotifyGiveFromISR                   0x08002e2f   Thumb Code   130  tasks.o(.text)
    xTaskNotifyStateClear                    0x08002eb1   Thumb Code    44  tasks.o(.text)
    xTimerGenericCommand                     0x08003041   Thumb Code    74  timers.o(.text)
    xTimerCreateTimerTask                    0x0800318b   Thumb Code    44  timers.o(.text)
    xTimerCreate                             0x080031b7   Thumb Code    56  timers.o(.text)
    xTimerGetTimerDaemonTaskHandle           0x080031ef   Thumb Code     6  timers.o(.text)
    xTimerGetPeriod                          0x080031f5   Thumb Code     4  timers.o(.text)
    xTimerGetExpiryTime                      0x080031f9   Thumb Code     4  timers.o(.text)
    pcTimerGetName                           0x080031fd   Thumb Code     4  timers.o(.text)
    xTimerIsTimerActive                      0x08003201   Thumb Code    26  timers.o(.text)
    pvTimerGetTimerID                        0x0800321b   Thumb Code    18  timers.o(.text)
    vTimerSetTimerID                         0x0800322d   Thumb Code    20  timers.o(.text)
    xTimerPendFunctionCallFromISR            0x08003241   Thumb Code    34  timers.o(.text)
    xTimerPendFunctionCall                   0x08003263   Thumb Code    32  timers.o(.text)
    pvPortMalloc                             0x080033fd   Thumb Code   148  heap_4.o(.text)
    vPortFree                                0x08003491   Thumb Code    60  heap_4.o(.text)
    xPortGetFreeHeapSize                     0x080034cd   Thumb Code     8  heap_4.o(.text)
    xPortGetMinimumEverFreeHeapSize          0x080034d5   Thumb Code     8  heap_4.o(.text)
    vPortInitialiseBlocks                    0x080034dd   Thumb Code     2  heap_4.o(.text)
    pxPortInitialiseStack                    0x08003539   Thumb Code    32  port.o(.text)
    vPortSetupTimerInterrupt                 0x08003559   Thumb Code    26  port.o(.text)
    xPortStartScheduler                      0x08003573   Thumb Code   108  port.o(.text)
    vPortEndScheduler                        0x080035df   Thumb Code     2  port.o(.text)
    vPortEnterCritical                       0x080035e1   Thumb Code    34  port.o(.text)
    vPortExitCritical                        0x08003603   Thumb Code    16  port.o(.text)
    xPortSysTickHandler                      0x08003613   Thumb Code    40  port.o(.text)
    vPortValidateInterruptPriority           0x0800363b   Thumb Code    26  port.o(.text)
    lab2_task2                               0x08003669   Thumb Code    66  main.o(.text)
    main                                     0x080036ab   Thumb Code    42  main.o(.text)
    start_task                               0x080036d5   Thumb Code    60  main.o(.text)
    lab2_task1                               0x08003711   Thumb Code    42  main.o(.text)
    lab2_task3                               0x0800373b   Thumb Code    70  main.o(.text)
    __2sprintf                               0x080037ed   Thumb Code    34  noretval__2sprintf.o(.text)
    __printf                                 0x08003815   Thumb Code   104  __printf.o(.text)
    _printf_str                              0x0800387d   Thumb Code    82  _printf_str.o(.text)
    _printf_int_dec                          0x080038d1   Thumb Code   104  _printf_dec.o(.text)
    strcpy                                   0x08003949   Thumb Code    72  strcpy.o(.text)
    strlen                                   0x08003991   Thumb Code    62  strlen.o(.text)
    __aeabi_memcpy                           0x080039cf   Thumb Code     0  rt_memcpy_v6.o(.text)
    __rt_memcpy                              0x080039cf   Thumb Code   138  rt_memcpy_v6.o(.text)
    _memcpy_lastbytes                        0x08003a35   Thumb Code     0  rt_memcpy_v6.o(.text)
    __aeabi_memset                           0x08003a59   Thumb Code    16  aeabi_memset.o(.text)
    __use_two_region_memory                  0x08003a69   Thumb Code     2  heapauxi.o(.text)
    __rt_heap_escrow$2region                 0x08003a6b   Thumb Code     2  heapauxi.o(.text)
    __rt_heap_expand$2region                 0x08003a6d   Thumb Code     2  heapauxi.o(.text)
    _printf_int_common                       0x08003a6f   Thumb Code   178  _printf_intcommon.o(.text)
    _printf_char_common                      0x08003b2b   Thumb Code    32  _printf_char_common.o(.text)
    _sputc                                   0x08003b51   Thumb Code    10  _sputc.o(.text)
    _printf_cs_common                        0x08003b5b   Thumb Code    20  _printf_char.o(.text)
    _printf_char                             0x08003b6f   Thumb Code    16  _printf_char.o(.text)
    _printf_string                           0x08003b7f   Thumb Code     8  _printf_char.o(.text)
    __aeabi_memcpy4                          0x08003b87   Thumb Code     0  rt_memcpy_w.o(.text)
    __aeabi_memcpy8                          0x08003b87   Thumb Code     0  rt_memcpy_w.o(.text)
    __rt_memcpy_w                            0x08003b87   Thumb Code   100  rt_memcpy_w.o(.text)
    _memcpy_lastbytes_aligned                0x08003bcf   Thumb Code     0  rt_memcpy_w.o(.text)
    __aeabi_memclr                           0x08003beb   Thumb Code     0  rt_memclr.o(.text)
    __rt_memclr                              0x08003beb   Thumb Code    68  rt_memclr.o(.text)
    _memset                                  0x08003bef   Thumb Code     0  rt_memclr.o(.text)
    __aeabi_memclr4                          0x08003c2f   Thumb Code     0  rt_memclr_w.o(.text)
    __aeabi_memclr8                          0x08003c2f   Thumb Code     0  rt_memclr_w.o(.text)
    __rt_memclr_w                            0x08003c2f   Thumb Code    78  rt_memclr_w.o(.text)
    _memset_w                                0x08003c33   Thumb Code     0  rt_memclr_w.o(.text)
    __user_setup_stackheap                   0x08003c7d   Thumb Code    74  sys_stackheap_outer.o(.text)
    exit                                     0x08003cc7   Thumb Code    18  exit.o(.text)
    __user_libspace                          0x08003cd9   Thumb Code     8  libspace.o(.text)
    __user_perproc_libspace                  0x08003cd9   Thumb Code     0  libspace.o(.text)
    __user_perthread_libspace                0x08003cd9   Thumb Code     0  libspace.o(.text)
    _sys_exit                                0x08003ce1   Thumb Code     8  sys_exit.o(.text)
    __I$use$semihosting                      0x08003ced   Thumb Code     0  use_no_semi.o(.text)
    __use_no_semihosting_swi                 0x08003ced   Thumb Code     2  use_no_semi.o(.text)
    __semihosting_library_function           0x08003cef   Thumb Code     0  indicate_semi.o(.text)
    oled_asc2_1206                           0x08003cee   Data        1140  oled.o(.constdata)
    oled_asc2_1608                           0x08004162   Data        1520  oled.o(.constdata)
    Region$$Table$$Base                      0x080047c0   Number         0  anon$$obj.o(Region$$Table)
    Region$$Table$$Limit                     0x080047e0   Number         0  anon$$obj.o(Region$$Table)
    SystemCoreClock                          0x20000000   Data           4  system_stm32f10x.o(.data)
    AHBPrescTable                            0x20000004   Data          16  system_stm32f10x.o(.data)
    Led_Count                                0x20000030   Data           4  led.o(.data)
    pxCurrentTCB                             0x20000074   Data           4  tasks.o(.data)
    StartTask_Handler                        0x200000e8   Data           4  main.o(.data)
    xAutoTimer                               0x200000ec   Data           4  main.o(.data)
    uartTimer                                0x200000f0   Data           4  main.o(.data)
    OLED_GRAM                                0x200000f4   Data        1024  oled.o(.bss)
    xQueueRegistry                           0x20000500   Data          64  queue.o(.bss)
    __libspace_start                         0x2000584c   Data          96  libspace.o(.bss)
    __temporary_stack_top$libspace           0x200058ac   Data           0  libspace.o(.bss)



==============================================================================

Memory Map of the image

  Image Entry point : 0x08000131

  Load Region LR_IROM1 (Base: 0x08000000, Size: 0x000048d4, Max: 0x00080000, ABSOLUTE)

    Execution Region ER_IROM1 (Exec base: 0x08000000, Load base: 0x08000000, Size: 0x000047e0, Max: 0x00080000, ABSOLUTE)

    Exec Addr    Load Addr    Size         Type   Attr      Idx    E Section Name        Object

    0x08000000   0x08000000   0x00000130   Data   RO            3    RESET               startup_stm32f10x_hd.o
    0x08000130   0x08000130   0x00000008   Code   RO          942  * !!!main             c_w.l(__main.o)
    0x08000138   0x08000138   0x00000034   Code   RO         1116    !!!scatter          c_w.l(__scatter.o)
    0x0800016c   0x0800016c   0x0000001a   Code   RO         1118    !!handler_copy      c_w.l(__scatter_copy.o)
    0x08000186   0x08000186   0x00000002   PAD
    0x08000188   0x08000188   0x0000001c   Code   RO         1120    !!handler_zi        c_w.l(__scatter_zi.o)
    0x080001a4   0x080001a4   0x00000000   Code   RO          931    .ARM.Collect$$_printf_percent$$00000000  c_w.l(_printf_percent.o)
    0x080001a4   0x080001a4   0x00000006   Code   RO          930    .ARM.Collect$$_printf_percent$$0000000A  c_w.l(_printf_u.o)
    0x080001aa   0x080001aa   0x00000006   Code   RO          929    .ARM.Collect$$_printf_percent$$00000013  c_w.l(_printf_c.o)
    0x080001b0   0x080001b0   0x00000004   Code   RO          953    .ARM.Collect$$_printf_percent$$00000017  c_w.l(_printf_percent_end.o)
    0x080001b4   0x080001b4   0x00000002   Code   RO          986    .ARM.Collect$$libinit$$00000000  c_w.l(libinit.o)
    0x080001b6   0x080001b6   0x00000000   Code   RO          993    .ARM.Collect$$libinit$$00000002  c_w.l(libinit2.o)
    0x080001b6   0x080001b6   0x00000000   Code   RO          995    .ARM.Collect$$libinit$$00000004  c_w.l(libinit2.o)
    0x080001b6   0x080001b6   0x00000000   Code   RO          998    .ARM.Collect$$libinit$$0000000A  c_w.l(libinit2.o)
    0x080001b6   0x080001b6   0x00000000   Code   RO         1000    .ARM.Collect$$libinit$$0000000C  c_w.l(libinit2.o)
    0x080001b6   0x080001b6   0x00000000   Code   RO         1002    .ARM.Collect$$libinit$$0000000E  c_w.l(libinit2.o)
    0x080001b6   0x080001b6   0x00000000   Code   RO         1005    .ARM.Collect$$libinit$$00000011  c_w.l(libinit2.o)
    0x080001b6   0x080001b6   0x00000000   Code   RO         1007    .ARM.Collect$$libinit$$00000013  c_w.l(libinit2.o)
    0x080001b6   0x080001b6   0x00000000   Code   RO         1009    .ARM.Collect$$libinit$$00000015  c_w.l(libinit2.o)
    0x080001b6   0x080001b6   0x00000000   Code   RO         1011    .ARM.Collect$$libinit$$00000017  c_w.l(libinit2.o)
    0x080001b6   0x080001b6   0x00000000   Code   RO         1013    .ARM.Collect$$libinit$$00000019  c_w.l(libinit2.o)
    0x080001b6   0x080001b6   0x00000000   Code   RO         1015    .ARM.Collect$$libinit$$0000001B  c_w.l(libinit2.o)
    0x080001b6   0x080001b6   0x00000000   Code   RO         1017    .ARM.Collect$$libinit$$0000001D  c_w.l(libinit2.o)
    0x080001b6   0x080001b6   0x00000000   Code   RO         1019    .ARM.Collect$$libinit$$0000001F  c_w.l(libinit2.o)
    0x080001b6   0x080001b6   0x00000000   Code   RO         1021    .ARM.Collect$$libinit$$00000021  c_w.l(libinit2.o)
    0x080001b6   0x080001b6   0x00000000   Code   RO         1023    .ARM.Collect$$libinit$$00000023  c_w.l(libinit2.o)
    0x080001b6   0x080001b6   0x00000000   Code   RO         1025    .ARM.Collect$$libinit$$00000025  c_w.l(libinit2.o)
    0x080001b6   0x080001b6   0x00000000   Code   RO         1029    .ARM.Collect$$libinit$$0000002C  c_w.l(libinit2.o)
    0x080001b6   0x080001b6   0x00000000   Code   RO         1031    .ARM.Collect$$libinit$$0000002E  c_w.l(libinit2.o)
    0x080001b6   0x080001b6   0x00000000   Code   RO         1033    .ARM.Collect$$libinit$$00000030  c_w.l(libinit2.o)
    0x080001b6   0x080001b6   0x00000000   Code   RO         1035    .ARM.Collect$$libinit$$00000032  c_w.l(libinit2.o)
    0x080001b6   0x080001b6   0x00000002   Code   RO         1036    .ARM.Collect$$libinit$$00000033  c_w.l(libinit2.o)
    0x080001b8   0x080001b8   0x00000002   Code   RO         1056    .ARM.Collect$$libshutdown$$00000000  c_w.l(libshutdown.o)
    0x080001ba   0x080001ba   0x00000000   Code   RO         1069    .ARM.Collect$$libshutdown$$00000002  c_w.l(libshutdown2.o)
    0x080001ba   0x080001ba   0x00000000   Code   RO         1071    .ARM.Collect$$libshutdown$$00000004  c_w.l(libshutdown2.o)
    0x080001ba   0x080001ba   0x00000000   Code   RO         1074    .ARM.Collect$$libshutdown$$00000007  c_w.l(libshutdown2.o)
    0x080001ba   0x080001ba   0x00000000   Code   RO         1077    .ARM.Collect$$libshutdown$$0000000A  c_w.l(libshutdown2.o)
    0x080001ba   0x080001ba   0x00000000   Code   RO         1079    .ARM.Collect$$libshutdown$$0000000C  c_w.l(libshutdown2.o)
    0x080001ba   0x080001ba   0x00000000   Code   RO         1082    .ARM.Collect$$libshutdown$$0000000F  c_w.l(libshutdown2.o)
    0x080001ba   0x080001ba   0x00000002   Code   RO         1083    .ARM.Collect$$libshutdown$$00000010  c_w.l(libshutdown2.o)
    0x080001bc   0x080001bc   0x00000000   Code   RO          944    .ARM.Collect$$rtentry$$00000000  c_w.l(__rtentry.o)
    0x080001bc   0x080001bc   0x00000000   Code   RO          959    .ARM.Collect$$rtentry$$00000002  c_w.l(__rtentry2.o)
    0x080001bc   0x080001bc   0x00000006   Code   RO          971    .ARM.Collect$$rtentry$$00000004  c_w.l(__rtentry4.o)
    0x080001c2   0x080001c2   0x00000000   Code   RO          961    .ARM.Collect$$rtentry$$00000009  c_w.l(__rtentry2.o)
    0x080001c2   0x080001c2   0x00000004   Code   RO          962    .ARM.Collect$$rtentry$$0000000A  c_w.l(__rtentry2.o)
    0x080001c6   0x080001c6   0x00000000   Code   RO          964    .ARM.Collect$$rtentry$$0000000C  c_w.l(__rtentry2.o)
    0x080001c6   0x080001c6   0x00000008   Code   RO          965    .ARM.Collect$$rtentry$$0000000D  c_w.l(__rtentry2.o)
    0x080001ce   0x080001ce   0x00000002   Code   RO          990    .ARM.Collect$$rtexit$$00000000  c_w.l(rtexit.o)
    0x080001d0   0x080001d0   0x00000000   Code   RO         1038    .ARM.Collect$$rtexit$$00000002  c_w.l(rtexit2.o)
    0x080001d0   0x080001d0   0x00000004   Code   RO         1039    .ARM.Collect$$rtexit$$00000003  c_w.l(rtexit2.o)
    0x080001d4   0x080001d4   0x00000006   Code   RO         1040    .ARM.Collect$$rtexit$$00000004  c_w.l(rtexit2.o)
    0x080001da   0x080001da   0x00000002   PAD
    0x080001dc   0x080001dc   0x00000096   Code   RO          848    .emb_text           port.o
    0x08000272   0x08000272   0x00000002   PAD
    0x08000274   0x08000274   0x00000040   Code   RO            4    .text               startup_stm32f10x_hd.o
    0x080002b4   0x080002b4   0x0000000c   Code   RO           24    .text               stm32f10x_it.o
    0x080002c0   0x080002c0   0x00000158   Code   RO          122    .text               system_stm32f10x.o
    0x08000418   0x08000418   0x00000034   Code   RO          141    .text               sys.o
    0x0800044c   0x0800044c   0x0000002e   Code   RO          185    .text               system.o
    0x0800047a   0x0800047a   0x00000002   PAD
    0x0800047c   0x0800047c   0x000000fc   Code   RO          287    .text               delay.o
    0x08000578   0x08000578   0x00000044   Code   RO          304    .text               show.o
    0x080005bc   0x080005bc   0x000000b0   Code   RO          325    .text               misc.o
    0x0800066c   0x0800066c   0x00000098   Code   RO          349    .text               stm32f10x_bkp.o
    0x08000704   0x08000704   0x00000264   Code   RO          470    .text               stm32f10x_gpio.o
    0x08000968   0x08000968   0x000000ac   Code   RO          506    .text               stm32f10x_pwr.o
    0x08000a14   0x08000a14   0x000002b8   Code   RO          518    .text               stm32f10x_rcc.o
    0x08000ccc   0x08000ccc   0x00000328   Code   RO          582    .text               stm32f10x_usart.o
    0x08000ff4   0x08000ff4   0x00000088   Code   RO          606    .text               led.o
    0x0800107c   0x0800107c   0x00000390   Code   RO          624    .text               oled.o
    0x0800140c   0x0800140c   0x00000054   Code   RO          647    .text               buzzer.o
    0x08001460   0x08001460   0x0000012c   Code   RO          665    .text               userbutton.o
    0x0800158c   0x0800158c   0x0000019c   Code   RO          683    .text               uart.o
    0x08001728   0x08001728   0x00000088   Code   RO          751    .text               list.o
    0x080017b0   0x080017b0   0x000007f4   Code   RO          763    .text               queue.o
    0x08001fa4   0x08001fa4   0x00001068   Code   RO          782    .text               tasks.o
    0x0800300c   0x0800300c   0x000003a8   Code   RO          818    .text               timers.o
    0x080033b4   0x080033b4   0x00000174   Code   RO          833    .text               heap_4.o
    0x08003528   0x08003528   0x00000140   Code   RO          849    .text               port.o
    0x08003668   0x08003668   0x00000184   Code   RO          879    .text               main.o
    0x080037ec   0x080037ec   0x00000028   Code   RO          901    .text               c_w.l(noretval__2sprintf.o)
    0x08003814   0x08003814   0x00000068   Code   RO          903    .text               c_w.l(__printf.o)
    0x0800387c   0x0800387c   0x00000052   Code   RO          905    .text               c_w.l(_printf_str.o)
    0x080038ce   0x080038ce   0x00000002   PAD
    0x080038d0   0x080038d0   0x00000078   Code   RO          907    .text               c_w.l(_printf_dec.o)
    0x08003948   0x08003948   0x00000048   Code   RO          932    .text               c_w.l(strcpy.o)
    0x08003990   0x08003990   0x0000003e   Code   RO          934    .text               c_w.l(strlen.o)
    0x080039ce   0x080039ce   0x0000008a   Code   RO          936    .text               c_w.l(rt_memcpy_v6.o)
    0x08003a58   0x08003a58   0x00000010   Code   RO          938    .text               c_w.l(aeabi_memset.o)
    0x08003a68   0x08003a68   0x00000006   Code   RO          940    .text               c_w.l(heapauxi.o)
    0x08003a6e   0x08003a6e   0x000000b2   Code   RO          945    .text               c_w.l(_printf_intcommon.o)
    0x08003b20   0x08003b20   0x00000030   Code   RO          947    .text               c_w.l(_printf_char_common.o)
    0x08003b50   0x08003b50   0x0000000a   Code   RO          949    .text               c_w.l(_sputc.o)
    0x08003b5a   0x08003b5a   0x0000002c   Code   RO          951    .text               c_w.l(_printf_char.o)
    0x08003b86   0x08003b86   0x00000064   Code   RO          954    .text               c_w.l(rt_memcpy_w.o)
    0x08003bea   0x08003bea   0x00000044   Code   RO          956    .text               c_w.l(rt_memclr.o)
    0x08003c2e   0x08003c2e   0x0000004e   Code   RO          975    .text               c_w.l(rt_memclr_w.o)
    0x08003c7c   0x08003c7c   0x0000004a   Code   RO          977    .text               c_w.l(sys_stackheap_outer.o)
    0x08003cc6   0x08003cc6   0x00000012   Code   RO          979    .text               c_w.l(exit.o)
    0x08003cd8   0x08003cd8   0x00000008   Code   RO          987    .text               c_w.l(libspace.o)
    0x08003ce0   0x08003ce0   0x0000000c   Code   RO         1048    .text               c_w.l(sys_exit.o)
    0x08003cec   0x08003cec   0x00000002   Code   RO         1059    .text               c_w.l(use_no_semi.o)
    0x08003cee   0x08003cee   0x00000000   Code   RO         1061    .text               c_w.l(indicate_semi.o)
    0x08003cee   0x08003cee   0x00000a64   Data   RO          626    .constdata          oled.o
    0x08004752   0x08004752   0x00000002   PAD
    0x08004754   0x08004754   0x00000069   Data   RO          666    .conststring        userbutton.o
    0x080047bd   0x080047bd   0x00000003   PAD
    0x080047c0   0x080047c0   0x00000020   Data   RO         1114    Region$$Table       anon$$obj.o


    Execution Region RW_IRAM1 (Exec base: 0x20000000, Load base: 0x080047e0, Size: 0x00005eb0, Max: 0x00010000, ABSOLUTE)

    Exec Addr    Load Addr    Size         Type   Attr      Idx    E Section Name        Object

    0x20000000   0x080047e0   0x00000014   Data   RW          123    .data               system_stm32f10x.o
    0x20000014   0x080047f4   0x00000008   Data   RW          288    .data               delay.o
    0x2000001c   0x080047fc   0x00000014   Data   RW          519    .data               stm32f10x_rcc.o
    0x20000030   0x08004810   0x00000004   Data   RW          607    .data               led.o
    0x20000034   0x08004814   0x0000003c   Data   RW          667    .data               userbutton.o
    0x20000070   0x08004850   0x00000002   Data   RW          685    .data               uart.o
    0x20000072   0x08004852   0x00000002   PAD
    0x20000074   0x08004854   0x0000003c   Data   RW          784    .data               tasks.o
    0x200000b0   0x08004890   0x00000014   Data   RW          820    .data               timers.o
    0x200000c4   0x080048a4   0x00000018   Data   RW          835    .data               heap_4.o
    0x200000dc   0x080048bc   0x0000000c   Data   RW          850    .data               port.o
    0x200000e8   0x080048c8   0x0000000c   Data   RW          880    .data               main.o
    0x200000f4        -       0x00000400   Zero   RW          625    .bss                oled.o
    0x200004f4        -       0x0000000a   Zero   RW          684    .bss                uart.o
    0x200004fe   0x080048d4   0x00000002   PAD
    0x20000500        -       0x00000040   Zero   RW          764    .bss                queue.o
    0x20000540        -       0x000002e4   Zero   RW          783    .bss                tasks.o
    0x20000824        -       0x00000028   Zero   RW          819    .bss                timers.o
    0x2000084c        -       0x00005000   Zero   RW          834    .bss                heap_4.o
    0x2000584c        -       0x00000060   Zero   RW          988    .bss                c_w.l(libspace.o)
    0x200058ac   0x080048d4   0x00000004   PAD
    0x200058b0        -       0x00000200   Zero   RW            2    HEAP                startup_stm32f10x_hd.o
    0x20005ab0        -       0x00000400   Zero   RW            1    STACK               startup_stm32f10x_hd.o


==============================================================================

Image component sizes


      Code (inc. data)   RO Data    RW Data    ZI Data      Debug   Object Name

        84         10          0          0          0        642   buzzer.o
         0          0          0          0          0       4508   core_cm3.o
       252         12          0          8          0       1795   delay.o
         0          0          0          0          0       9296   event_groups.o
       372          8          0         24      20480       3268   heap_4.o
       136         18          0          4          0       1160   led.o
       136          0          0          0          0       1774   list.o
       388        108          0         12          0       1412   main.o
       176         14          0          0          0       1877   misc.o
       912         22       2660          0       1024       4685   oled.o
       470         32          0         12          0       7517   port.o
      2036         12          0          0         64      16640   queue.o
        68         16          0          0          0        662   show.o
        64         26        304          0       1536        768   startup_stm32f10x_hd.o
       152          8          0          0          0       3468   stm32f10x_bkp.o
       612         36          0          0          0       6005   stm32f10x_gpio.o
        12          0          0          0          0      24011   stm32f10x_it.o
       172         12          0          0          0       1959   stm32f10x_pwr.o
       696         32          0         20          0       8948   stm32f10x_rcc.o
       808         22          0          0          0       8864   stm32f10x_usart.o
        52         10          0          0          0     205488   sys.o
        46          0          0          0          0      15213   system.o
       344         34          0         20          0       1787   system_stm32f10x.o
      4200        108          0         60        740      32702   tasks.o
       936         42          0         20         40       8424   timers.o
       412         24          0          2         10       1802   uart.o
       300         16        105         60          0       2104   userbutton.o

    ----------------------------------------------------------------------
     13840        622       3106        244      23896     376779   Object Totals
         0          0         32          0          0          0   (incl. Generated)
         4          0          5          2          2          0   (incl. Padding)

    ----------------------------------------------------------------------

      Code (inc. data)   RO Data    RW Data    ZI Data      Debug   Library Member Name

         8          0          0          0          0         68   __main.o
       104          0          0          0          0         84   __printf.o
         0          0          0          0          0          0   __rtentry.o
        12          0          0          0          0          0   __rtentry2.o
         6          0          0          0          0          0   __rtentry4.o
        52          8          0          0          0          0   __scatter.o
        26          0          0          0          0          0   __scatter_copy.o
        28          0          0          0          0          0   __scatter_zi.o
         6          0          0          0          0          0   _printf_c.o
        44          0          0          0          0        108   _printf_char.o
        48          6          0          0          0         96   _printf_char_common.o
       120         16          0          0          0         92   _printf_dec.o
       178          0          0          0          0         88   _printf_intcommon.o
         0          0          0          0          0          0   _printf_percent.o
         4          0          0          0          0          0   _printf_percent_end.o
        82          0          0          0          0         80   _printf_str.o
         6          0          0          0          0          0   _printf_u.o
        10          0          0          0          0         68   _sputc.o
        16          0          0          0          0         68   aeabi_memset.o
        18          0          0          0          0         80   exit.o
         6          0          0          0          0        152   heapauxi.o
         0          0          0          0          0          0   indicate_semi.o
         2          0          0          0          0          0   libinit.o
         2          0          0          0          0          0   libinit2.o
         2          0          0          0          0          0   libshutdown.o
         2          0          0          0          0          0   libshutdown2.o
         8          4          0          0         96         68   libspace.o
        40          6          0          0          0         84   noretval__2sprintf.o
        68          0          0          0          0         68   rt_memclr.o
        78          0          0          0          0         80   rt_memclr_w.o
       138          0          0          0          0         68   rt_memcpy_v6.o
       100          0          0          0          0         80   rt_memcpy_w.o
         2          0          0          0          0          0   rtexit.o
        10          0          0          0          0          0   rtexit2.o
        72          0          0          0          0         80   strcpy.o
        62          0          0          0          0         76   strlen.o
        12          4          0          0          0         68   sys_exit.o
        74          0          0          0          0         80   sys_stackheap_outer.o
         2          0          0          0          0         68   use_no_semi.o

    ----------------------------------------------------------------------
      1454         44          0          0        100       1804   Library Totals
         6          0          0          0          4          0   (incl. Padding)

    ----------------------------------------------------------------------

      Code (inc. data)   RO Data    RW Data    ZI Data      Debug   Library Name

      1448         44          0          0         96       1804   c_w.l

    ----------------------------------------------------------------------
      1454         44          0          0        100       1804   Library Totals

    ----------------------------------------------------------------------

==============================================================================


      Code (inc. data)   RO Data    RW Data    ZI Data      Debug   

     15294        666       3106        244      23996     374471   Grand Totals
     15294        666       3106        244      23996     374471   ELF Image Totals
     15294        666       3106        244          0          0   ROM Totals

==============================================================================

    Total RO  Size (Code + RO Data)                18400 (  17.97kB)
    Total RW  Size (RW Data + ZI Data)             24240 (  23.67kB)
    Total ROM Size (Code + RO Data + RW Data)      18644 (  18.21kB)

==============================================================================

